I_TELEPORT 0
I_SPAWN_BARRACK_CHARACTER 1
R_PLAYER_LOCATION 2
R_TELEPORT_REPLAY_LOCATION 3
R_CAMERA_ROTATE 4
I_GFX_COMMAND 17
I_GFX_ADMIN_COMMAND 18
I_INPUT_COMMAND 19
I_MOVE_KEY 20
I_SKILL_KEY 21
I_CLOSE_SERVER_CONNECTION 22
SA_PING 5000
AS_PING 5001
SA_REGISTER 5002
AS_REGISTER 5003
SA_ENTER_WORLD 5004
SA_ENTER_WORLD_FAIL 5005
AS_ENTER_WORLD 5006
AS_LOAD_TOPO_FIN 5007
AS_FORCE_ENTER_DUNGEON_ID 5008
SA_TRY_TO_LEAVE_WORLD 5009
AS_LEAVE_WORLD 5010
SA_LEAVE_WORLD 5011
SA_SEND_CHAR_LOC 5012
SA_JOIN_PARTY 5013
SA_LEAVE_PARTY 5014
SA_DISMISS_PARTY 5015
SA_KICK_PARTY 5016
SA_EXTEND_PARTY 5017
SA_SWAP_PARTY 5018
SA_CHANGE_PARTY_MANAGER 5019
SA_CHANGE_PARTY_MEMBER_AUTHORITY 5020
SA_CHANGE_LOOTING_METHOD 5021
AS_DO_CREATE_PARTY 5022
AS_DO_ADD_PARTY_MEMBER 5023
AS_DO_REMOVE_PARTY_MEMBER 5024
AS_DO_DISMISS_PARTY 5025
AS_DO_EXTEND_PARTY 5026
AS_DO_SWAP_PARTY 5027
AS_DO_SET_PARTY_MANAGER 5028
AS_DO_CHANGE_PARTY_MEMBER_AUTHORITY 5029
AS_DO_SET_LOOTING_METHOD 5030
AS_DO_SET_PARTY_OWNER 5031
AS_ON_DAILY_ATTENDACNE 5032
SA_ADD_TO_INTER_PARTY_MATCH_POOL 5033
SA_DEL_FROM_INTER_PARTY_MATCH_POOL 5034
SA_JOIN_PARTY_IN_ARBITER 5035
SA_MERGE_PARTY_TO_RAID 5036
AS_REQUEST_REFRESH_PARTY_INFO 5037
SA_SEND_PARTY_MEMBER_INTERVAL_POS 5038
SA_SEND_PARTY_MEMBER_UPDATE_INFO 5039
SA_QUERY_TO_ARBITER_FOR_BAN_PARTY_MEMBER 5040
AS_REQUEST_TELEPORT 5041
AS_QUERY_TO_ARBITER_FOR_BAN_PARTY_MEMBER 5042
AS_ADMIN_RELOAD_DATASHEET 5043
AS_ADMIN_SET_DUNGEON_COOLTIME 5044
AS_USE_STYLE_WAREHOUSE 5045
AS_PREMIUM_SLOT_INSERT_ITEM 5046
AS_PREMIUM_SLOT_UPDATE_ITEM 5047
AS_PREMIUM_SLOT_DELETE_ITEM 5048
SA_UPDATE_DUNGEON_COOLTIME 5049
SA_UPDATE_DUNGEON_CLEAR_COUNT 5050
SA_UPDATE_DUNGEON_UI_HISTORY 5051
AS_RESET_ALL_DUNGEON 5052
AS_DISMISS_PARTY 5053
AS_PARTY_LOOTING_METHOD 5054
AS_BAN_PARTY_MEMBER 5055
SA_DELETE_DUNGEON_COOLTIME 5056
SA_REQUEST_ENTER_DUNGEON 5057
AS_REQUEST_ENTER_DUNGEON 5058
SA_RESPONSE_ENTER_DUNGEON 5059
AS_RESPONSE_ENTER_DUNGEON 5060
SA_REQUEST_LEAVE_DUNGEON 5061
AS_REQUEST_LEAVE_DUNGEON 5062
AS_ADMIN_RESET_DUNGEON_COOLTIME 5063
SA_ADD_DUNGEON_CHANNEL 5064
SA_REMOVE_DUNGEON_CHANNEL 5065
AS_INITIALIZE_DUNGEON_ID 5066
AS_SETTING_BATTLE_FIELD_MATCHING_STATE 5067
AS_ADMIN_BATTLE_FIELD_RESULT 5068
SA_GM_NOTIFY 5069
SA_ENTER_BATTLE_FIELD 5070
SA_EQUIP_ITEM_LEVEL 5071
BSA_EXIT_BATTLE_FIELD 5072
BSA_SET_ANONYMOUS_NAME 5073
SA_REQUEST_BATTLE_FIELD_USER_INFO 5074
ABS_REQUEST_BATTLE_FIELD_USER_INFO 5075
AS_ACK_BATTLE_FIELD_USER_INFO 5076
BSA_ACK_BATTLE_FIELD_USER_INFO 5077
BSA_BATTLE_FIELD_INVITE_USER 5078
BSA_REQUEST_BATTLE_FIELD_USER_INFO 5079
BSA_END_BATTLE_FIELD_RESULT_LIST 5080
BSA_END_BATTLE_FIELD 5081
BSA_END_BATTLE_FIELD_WITHOUT_PLAY 5082
BSA_NOTIFY_ABOUT_BATTLE_FIELD_CLEAR 5083
BSA_REQUEST_ADD_SUPPLEMENTPOOL 5084
BSA_BATTLE_FIELD_OPEN_INFO 5085
BSA_CREATE_BATTLE_FIELD_LOG 5086
ABS_CREATE_BATTLE_FIELD_LOG 5087
ABS_ACK_BATTLE_FIELD_USER_INFO 5088
BSA_UPDATE_BATTLE_FIELD_LOG 5089
SA_MATCH_BATTLE_FIELD_GM_REQUEST 5090
SA_INSERT_TCAT_ITEM_SALE_INFO 5091
SA_DELETE_TCAT_ITEM_SALE_INFO 5092
SA_CALC_BATTLE_FIELD_RANKING_NEXT_TIME 5093
SA_CALC_BATTLE_FIELD_SEASON_NEXT_TIME 5094
SA_CREATE_GROUP_DUEL_PARTY 5095
AS_CREATE_GROUP_DUEL_PARTY 5096
ADS_ADD_TO_PARTY_MATCH_POOL 5097
DSA_ADD_TO_PARTY_MATCH_POOL 5098
DSA_MODIFY_ABOUT_PARTY_MATCH_POOL 5099
ADS_DEL_FROM_PARTY_MATCH_POOL 5100
DSA_DEL_FROM_PARTY_MATCH_POOL 5101
DSA_MOVE_PARTY_MATCH_POOL 5102
DSA_DEL_FROM_ALL_POOL 5103
DSA_PRE_PARTY_MAKE 5104
ADS_PRE_PARTY_MAKE_RESULT 5105
ADS_DICONNECT_BATTLE_FIELD_SERVER 5106
DSA_PARTY_MAKE 5107
ADS_PARTY_MAKE_RESULT 5108
ADS_PARTY_MAKE_RESULT_FROM_INSTANCE_SERVER 5109
SA_PARTY_MAKE_RESULT_FROM_INSTANCE_SERVER 5110
DSA_FIN_PARTY_MAKE 5111
DSA_ASK_TO_JOIN_PARTY 5112
ADS_ASK_TO_JOIN_PARTY_RESULT 5113
DSA_REQUEST_CHANGE_PARTY_MATCH_RULE 5114
ADS_REQUEST_CHANGE_PARTY_MATCH_RULE 5115
DSA_START_BATTLEFIELD 5116
DSA_REQUEST_JOIN_BATTLE_FIELD 5117
DSA_NOTIFY_ABOUT_DUNGEON_CLEAR 5118
ADS_NOTIFY_ABOUT_DUNGEON_CLEAR 5119
DSA_SYSTEM_MESSAGE 5120
DSA_SYSTEM_MESSAGE_USING_INTER_PARTY_MATCH 5121
DSA_SYS_PARTY_INFO 5122
ADS_SYS_PARTY_INFO 5123
DSA_LOG_FIN_PARTY_MAKE 5124
AS_NOTIFY_ABOUT_SYS_PARTY_WITHDRAWAL 5125
AS_BYPASS_FROM_CLIENT 5126
SA_BYPASS_TO_CLIENT 5127
SA_BYPASS_TO_GROUP 5128
AS_LOAD_GUILD 5129
SA_DUMMY_PACKET 5130
SA_LOAD_GUILD 5131
SA_DESTROY_GUILD 5132
AS_DESTROY_GUILD 5133
SA_LEAVE_GUILD 5134
AS_LEAVE_GUILD 5135
SA_BANISH_GUILD_MEMBER 5136
AS_BANISH_GUILD_MEMBER 5137
SA_CHANGE_GUILD_CHIEF 5138
AS_CHANGE_GUILD_CHIEF 5139
SA_SET_GUILDGROUP_AUTHORITY 5140
AS_SET_GUILDGROUP_AUTHORITY 5141
SA_CREATE_GUILD_GROUP 5142
AS_CREATE_GUILD_GROUP 5143
SA_REMOVE_GUILD_GROUP 5144
AS_REMOVE_GUILD_GROUP 5145
AS_ADD_GUILDMEMBER 5146
SA_CHANGE_GUILDGROUP 5147
AS_CHANGE_GUILDGROUP 5148
SA_UPDATE_GUILD_MEMBER 5151
AS_UPDATE_GUILD_MEMBER 5152
AS_SET_GUILD_RECOMMENDATION_POINT 5153
AS_UPDATE_GUILD_TITLE 5154
AS_UPDATE_GUILD_LOGO 5155
SA_INC_GUILD_ACCOUNT_LIMIT 5156
SA_PET_LOAD 5157
AS_PET_LOAD 5158
SA_PET_CALL 5159
AS_PET_CALL 5160
SA_PET_DISMISS 5161
AS_PET_DISMISS 5162
SA_PET_ITEM_EQUIP 5163
AS_PET_ITEM_EQUIP 5164
SA_PET_ITEM_UNEQUIP 5165
AS_PET_ITEM_UNEQUIP 5166
SA_PET_ORB_CHANGE 5167
AS_PET_ORB_CHANGE 5168
SA_PET_REPAIR 5169
AS_PET_REPAIR 5170
SA_PET_STOP 5171
AS_PET_STOP_TOPET 5172
AS_PET_STOP_TOUSER 5173
SA_PET_DUR 5174
AS_PET_DUR_TOPET 5175
AS_PET_DUR_TOUSER 5176
SA_PET_ALERT 5177
AS_PET_ALERT 5178
SA_PET_INCUBATOR_SLOT 5179
AS_PET_INCUBATOR_SLOT 5180
SA_PET_INCUBATOR_TAKEALL 5181
AS_PET_INCUBATOR_TAKEALL 5182
SA_PET_INCUBATOR_START 5183
AS_PET_INCUBATOR_START 5184
SA_PET_INCUBATOR_COMPLETE 5185
AS_PET_INCUBATOR_COMPLETE 5186
AS_ARBITER_USER_DELETE 5187
SA_SET_USERS_POS 5188
SA_BROADCAST_SYSTEM_MESSAGE_TO_WHOLE_WORLD 5189
SA_BROADCAST_SYSTEM_MESSAGE_TO_WHOLE_WORLD_NOT_IN_SPECIAL_PLACE 5190
SA_BROADCAST_SYSTEM_MESSAGE_TO_GUILD 5191
AS_UPDATE_VISITED_SECTION_LIST 5192
SA_CHANGE_CHARACTER 5193
SA_SEND_SYSTEM_MESSAGE_TO_ACCOUNT_USER 5194
SA_SEND_SYSTEM_MESSAGE_LOOT_ITEM_TO_ACCOUNT_USER 5195
SA_SUMMON_MY_LOCATION 5196
AS_USER_FIELD_POINT_INFO 5197
SA_UPDATE_FIELD_POINT 5198
AS_RESET_FIELD_POINT_COMPLETE 5199
SA_UPDATE_FIELD_POINT_RECEIVED_INDEX 5200
SA_RESET_ALL_FIELD_POINT 5201
SA_CHAR_LOC 5202
AS_CHAR_LOC 5203
SA_TELEPORT 5204
AS_REQUEST_PERF 5205
AS_PROFILE 5206
AS_RESET_PROFILE 5207
AS_REQUEST_NORMAL_CHAT 5208
AS_REQUEST_TEAM_CHAT 5209
AS_REQUEST_DICE_THROW 5210
SA_REGISTER_WORLD_COMMAND 5211
AS_LOAD_GUILD_DATA 5212
AS_UPDATE_GUILD_DATA 5213
SA_GUILD_QUEST_EVENT_MESSAGE 5214
AS_REQUEST_START_GUILD_QUEST 5215
SA_REQUEST_START_GUILD_QUEST 5216
SA_BUY_VILLAGER_BUFF 5217
AS_BUY_VILLAGER_BUFF 5218
SA_TRADE_BROKER_OPEN 5219
AS_TRADE_BROKER_CLOSE 5220
SA_TRADE_BROKER_DEAL_OPEN 5221
AS_TRADE_BROKER_DEAL_OPEN 5222
AS_TRADE_BROKER_DEAL_CLOSE 5223
SA_PUSH_GUILD_BUFF 5224
AS_PUSH_GUILD_BUFF 5225
AS_LEARN_GUILD_PERK 5226
AS_RESET_GUILD_PERK 5227
AS_CANCEL_SKILL_STRICTLY 5228
SA_CREST_LEARN 5229
AS_CREST_LEARN 5230
SA_LEARN_ALL_CREST_ACQUIRABLE 5231
AS_LEARN_ALL_CREST_ACQUIRABLE 5232
SA_CREST_POINT 5233
AS_CREST_POINT 5234
SA_CREST_USE_LIST 5235
AS_CREST_USE_LIST 5236
SA_CREST_USE 5237
AS_CREST_USE 5238
SA_CREST_USE_CLEAR 5239
AS_CREST_USE_CLEAR 5240
SA_CREST_UPGRADE 5241
AS_CREST_UPGRADE 5242
SA_CREST_ALL_CLEAR 5243
AS_CREST_ALL_CLEAR 5244
SA_USER_NOCTAN 5245
AS_USER_NOCTAN 5246
AS_ADMIN 5247
AS_SET_BLOCKED_USER 5248
AS_ADD_BLOCKED_USER 5249
AS_REMOVE_BLOCKED_USER 5250
SA_REQUEST_LORD_REGISTER_WINDOW 5251
AS_SET_VISIBLE_RANGE 5252
SA_MAKE_SYS_PARCEL 5253
AS_MAKE_SYS_PARCEL 5254
SA_REQUEST_SHOW_POLICY_WINDOW 5255
SA_REQUEST_SHOW_TAX_WINDOW 5256
SA_LOAD_GUARD 5257
AS_LOAD_GUARD 5258
AS_CHANGE_LORD_GUILD 5259
AS_LOAD_GUARD_FINISH 5260
AS_SET_GUARD_POLICY 5261
AS_GUARD_TAX_RATE 5262
AS_GUARD_TAX_PROFIT 5263
AS_ELECTION_STATE 5264
AS_UPDATE_USER_DESCRIPTION 5265
AS_LORD_ACCESSION 5266
SA_UPDATE_LORD_ACHIEVEMENT_FAILED 5267
AS_START_LORD_GUILDWAR 5268
AS_END_LORD_GUILDWAR 5269
SA_ADD_ELECTION_POINT_LORD_GUILDWAR 5270
SA_SEND_MESSAGE_TO_WORLD_USER 5271
AS_SEND_MESSAGE_TO_WORLD_USER 5272
AS_CACHE_DUNGEON_COOL_TIME_TO_WORLD 5273
AS_REQUEST_SEND_PK_POLICY 5274
AS_UPDATE_GUILD_NAME 5275
SA_UPDATE_USER_STATUS 5276
AS_REQUEST_SPAWN_NPC 5277
AS_REQUEST_SPAWN_TERRITORY 5278
AS_REQUEST_DESPAWN_TERRITORY 5279
AS_GUARD_LORD_CHANGED 5280
AS_RESET_LORD_LIST 5281
AS_LORD_LIST 5282
SA_START_CHANGE_APPEARANCE 5283
AS_START_EVENT 5284
AS_STOP_EVENT 5285
AS_START_FESTIVAL 5286
AS_STOP_FESTIVAL 5287
AS_FESTIVAL_NPC_SPAWN 5288
AS_FESTIVAL_OBJECT_SPAWN 5289
SA_REQUEST_START_FESTIVAL 5290
SA_REQUEST_STOP_FESTIVAL 5291
AS_UPDATE_PCBANG_INVEN_VERSION 5292
SA_DECLARE_GUILD_WAR 5293
AS_DECLARE_GUILD_WAR 5294
AS_OPPOSITE_DECLARE_GUILD_WAR 5295
SA_RAISE_GUILD_WAR 5296
AS_RAISE_GUILD_WAR 5297
SA_START_GUILD_WAR 5298
AS_START_GUILD_WAR 5299
SA_GIVE_UP_GUILD_WAR 5300
SA_REQUEST_END_GUILD_WAR 5301
SA_REQUEST_START_GUILD_WAR 5302
AS_END_GUILD_WAR 5303
SA_GUILD_WAR_INFO 5304
AS_RESTART_GUILD_WAR 5305
AS_NOTIFY_GUILD_WAR_INFO 5306
SA_UPDATE_GUILD_WAR_MONEY 5307
AS_WITHDRAW_GUILD_WAR 5308
AS_QA_SET_GUILD_WAR_COOL_TIME 5309
AS_GUILDW_WAR_ADMIN_MAINTAINCOST 5310
AS_SET_NEW_TERA_USER 5311
AS_SET_PC_BANG_USER 5312
AS_ADMIN_REQUEST_VANISH_PET 5313
AS_LORD_ELECTION_DEFEATED 5314
SA_UPDATE_LORD_ELECTION_DEFEATED_ACHIEVEMENT_FAILED 5315
AS_USER_VOTED 5316
AS_ASK_PET_OWNER_INFO_FOR_VANISH 5317
SA_ANS_PET_OWNER_INFO_FOR_VANISH 5318
AS_SET_ACCOUNT_RESTRICTION_LEVEL 5319
AS_GATHER_USER_LIST_BY_DISTANCE 5320
SA_GATHER_USER_LIST_BY_DISTANCE 5321
SA_RELAY_LOG 5322
SA_REG_PERIOD_ITEM 5323
AS_PERIOD_ITEM_EXPIRED 5324
SA_PERIOD_ITEM_EXPIRED_RESULT 5325
AS_UPDATE_ITEM_PERIOD 5326
AS_REMOVE_ITEM_PERIOD 5327
AS_PERIOD_PASSIVE_EXPIRED 5328
SA_DARK_RIFT_CHANGE_AREA_WORLD_NOTI 5329
SA_OPEN_DARK_RIFT_WORLD_NOTI 5330
SA_DARK_RIFT_SPAWN_WORLD_NOTI 5331
SA_DARK_RIFT_DESPAWN_WORLD_NOTI 5332
SA_DARK_RIFT_MAIN_DEFENCE_CHANGE_HP 5333
SA_DARK_RIFT_AVAILABLE_QUEST_USER_COUNT 5334
AS_DARK_RIFT_SET_HUNTING_ZONE_ENABLED 5335
AS_CONTROL_DARK_RIFT_INSTANCE 5336
SA_DARK_RIFT_EVENT_OPEN 5337
SA_DARK_RIFT_EVENT_CLOSE 5338
DISABLE_DARK_RIFT_HUNTING_ZONE 5339
AS_SET_DARK_RIFT_DAILY_COMPLETED 5340
SA_RESET_DARK_RIFT_DAILY_COMPLETED 5341
AS_RESET_DARK_RIFT_DAILY_COMPLETED 5342
SA_UPDATE_DARK_RIFT_DAILY_COMPLETED 5343
AS_UPDATE_DARK_RIFT_DAILY_COMPLETED 5344
SA_DARK_RIFT_EVENT_UPDATE_SPAWNABLE_COUNT 5345
SA_DARK_RIFT_RESTORATION_FAILED_INSTANCE_LIST 5346
SA_DARK_RIFT_EVENT_GROUP_SPAWNED 5347
SA_DARK_RIFT_CLEAR_ALL_SPAWNED_EVENT_GROUP_INFO 5348
SA_DARK_RIFT_EVENT_UPDATE_CONCURRENT_SPAWN_COUNT 5349
SA_DARK_RIFT_EVENT_ZONE_EXTRA_INSTANCE_OPENED 5350
SA_ADMIN_CALL_DIFFERENT_WORLD_USER 5351
AS_EVENT_MAIL_RECEIVED 5352
DSA_DUNGEON_RANK_GET_CURRENT_TOP_SCORE 5353
ADS_DUNGEON_RANK_GET_CURRENT_TOP_SCORE 5354
AS_SET_ADMIN_NON_PK_SECTION 5355
AS_RESET_ADMIN_NON_PK_SECTION 5356
AS_SET_DUAL_OPTION_OPEN_MATERIAL_LIST 5357
AS_SET_DUAL_OPTION_OPEN_MATERIAL 5358
AS_DEL_DUAL_OPTION_OPEN_MATERIAL 5359
AS_DEL_ALL_DUAL_OPTION_OPEN_MATERIAL 5360
AS_SET_JACKPOT_EVENT_VALUE_LIST 5361
AS_SET_JACKPOT_EVENT_VALUE 5362
AS_DEL_JACKPOT_EVENT_VALUE 5363
AS_SET_DUNGEON_ROOKIE_EVENT_VALUE_LIST 5364
AS_SET_DUNGEON_ROOKIE_EVENT_VALUE 5365
AS_DEL_DUNGEON_ROOKIE_EVENT_VALUE 5366
SA_UPDATE_BATTLEFIELD_JACKPOT_EVENT_STATE 5367
AS_SET_HUNTING_EVENT_VALUE_TABLE 5368
AS_SET_HUNTING_EVENT_VALUE 5369
AS_RESET_HUNTING_EVENT_VALUE 5370
AS_SET_PLAY_GUIDE_EVENT_LIST 5371
AS_ADD_PLAY_GUIDE_EVENT 5372
AS_DEL_PLAY_GUIDE_EVENT 5373
AS_DEL_ALL_PLAY_GUIDE_EVENT 5374
AS_SET_PLAY_GUIDE_WEB_ADMIN_SETTINGS 5375
AS_SET_PLAY_GUIDE_EXTRA_BASE_REWARD_EVENT 5376
AS_ADD_PLAY_GUIDE_EXTRA_BASE_REWARD_EVENT 5377
AS_DEL_PLAY_GUIDE_EXTRA_BASE_REWARD_EVENT 5378
AS_DEL_ALL_PLAY_GUIDE_EXTRA_BASE_REWARD_EVENT 5379
AS_SET_PLAY_GUIDE_EXTRA_DAILY_REWARD_EVENT 5380
AS_ADD_PLAY_GUIDE_EXTRA_DAILY_REWARD_EVENT 5381
AS_DEL_PLAY_GUIDE_EXTRA_DAILY_REWARD_EVENT 5382
AS_DEL_ALL_PLAY_GUIDE_EXTRA_DAILY_REWARD_EVENT 5383
SA_UPDATE_ONGOING_HUNTING_EVENT_NOTICE 5384
AS_START_DARK_RIFT_REWARD_EVENT 5385
AS_END_DARK_RIFT_REWARD_EVENT 5386
AS_SET_DUNGEON_LOG_USE_OR_NOT 5387
AS_USER_REQUEST_EXIT 5388
AS_USER_CANCEL_REQUEST_EXIT 5389
AS_USER_CANCEL_PARTY_CONTRACT 5390
AS_QA_PUBLISHER_CHANGE 5391
AS_CHANGE_GUILDWAR_KILL_COUNT_BYADMIN 5392
AS_DARK_RIFT_REQUEST_RESERVATION_TIME_LIST 5393
SA_DARK_RIFT_RESERVATION_TIME_LIST 5394
AS_EVENT_MATCHING_DUNGEON_DETAIL_INFO 5395
SA_AVAILABLE_EVENT_MATCHING_LIST 5396
AS_BATTLE_FIELD_VIEW_LIST 5397
SA_BATTLE_FIELD_VIEW_LIST 5398
AS_SET_EP_SYSTEM_EVENT 5399
AS_ADD_EP_SYSTEM_EVENT 5400
AS_DEL_EP_SYSTEM_EVENT 5401
AS_VIP_STORE_SLOT_ON_OFF 5402
AS_VIP_STORE_SLOT_SALE 5403
AS_SEND_MY_ACHIEVEMENT_INFO 5404
AS_CHANGE_ACHIEVEMENT_SEASON 5405
AS_ACHIEVEMENT_SEASON_LIST 5406
BSA_CREATE_BATTLE_FIELD_RESULT 5407
BSA_NOTIFY_USER_BATTLE_FIELD_ENTERABLE 5408
BSA_LOAD_BATTLE_FIELD_UNIQUE_ID 5409
ABS_LOAD_BATTLE_FIELD_UNIQUE_ID 5410
ABS_ASK_ENTERABLE_BATTLE_FIELD_EXISTS 5411
BSA_CREATE_BATTLE_FIELD 5412
ABS_CREATE_BATTLE_FIELD 5413
ABS_REQUEST_JOIN_BATTLE_FIELD 5414
SA_BROADCAST_SHOW_NPC_MINI_MAP 5415
SA_BROADCAST_DELETE_NPC_MINI_MAP 5416
AS_REQUEST_OTHER_SERVER_ITEM_TOOLTIP 5417
SA_REPLY_OTHER_SERVER_ITEM_TOOLTIP 5418
SA_REQUEST_CHRONOSCROLL_USE 5419
AS_CHRONOSCROLL_REDEEMED 5420
SA_LOAD_BATTLE_FIELD_COOL_TIME 5421
AS_LOAD_BATTLE_FIELD_COOL_TIME 5422
SA_UPDATE_BATTLE_FIELD_COOL_TIME 5423
AS_UPDATE_BATTLE_FIELD_COOL_TIME 5424
AS_CLEAR_BATTLE_FIELD_COOL_TIME 5425
SA_UPDATE_VOTE_COOL_TIME 5426
AS_UPDATE_VOTE_COOL_TIME 5427
AS_CLEAR_VOTE_COOL_TIME 5428
AS_BOT_CONFIGURATION 5429
AS_BOT_ACCOUNT_CANDIDATE 5430
AS_BOT_LIST_ACCOUNT_CANDIDATE 5431
SA_TO_DETECT_BOT_HUNT 5432
SA_TO_DETECT_BOT_PLAYTICK 5433
SA_TO_DETECT_BOT_INVALIDSTARTPOS 5434
SA_LOAD_SERVANT_DATA 5435
AS_LOAD_SERVANT_DATA 5436
SA_ADD_SERVANT_DATA 5437
AS_ADD_SERVANT_DATA 5438
SA_UPDATE_SERVANT_NAME 5439
AS_UPDATE_SERVANT_NAME 5440
SA_UPDATE_SERVANT_DATA 5441
AS_UPDATE_SERVANT_DATA 5442
SA_UPDATE_SERVANT_ABILITY 5443
AS_UPDATE_SERVANT_ABILITY 5444
SA_LOAD_EXTRAPOINT_DATA 5445
AS_LOAD_EXTRAPOINT_DATA 5446
AS_SET_EP_SYSTEM_CONTENTS_ON_OFF_TABLE 5447
AS_SET_EP_SYSTEM_CONTENTS_ON_OFF 5448
SA_LOAD_POLITICS_UNIT 5449
AS_POLITICS_UNIT_INFO 5450
AS_END_LORD_REIGN_PERIOD 5451
AS_MARK_AS_QUEST_COMPLETED 5452
SA_WATCH_MOVIE 5453
SA_LOAD_BATTLE_FIELD_ENTER_COUNT 5454
AS_LOAD_BATTLE_FIELD_ENTER_COUNT 5455
SA_UPDATE_BATTLE_FIELD_ENTER_COUNT 5456
AS_UPDATE_BATTLE_FIELD_ENTER_COUNT 5457
AS_ADMIN_CLEAR_BATTLE_FIELD_ENTER_COUNT 5458
SA_CLEAR_BATTLE_FIELD_ENTER_COUNT 5459
AS_CLEAR_BATTLE_FIELD_ENTER_COUNT 5460
AS_ASK_LOAD_CONTINENT_CHANNEL_INFO 5461
SA_ASK_LOAD_CONTINENT_CHANNEL_INFO 5462
AS_ASK_WA_ADD_CONTINENT_CHANNEL_COUNT 5463
AS_LOAD_CONTINENT_CHANNEL_COUNT 5464
SA_ASK_WA_ADD_CONTINENT_CHANNEL_COUNT 5465
AS_ASK_SERVANT_SKILL_INFO 5466
SA_SERVANT_SKILL_INFO 5467
AS_ASK_CHANGE_MAX_PROF_LIMIT 5468
SA_ASK_CHANGE_MAX_PROF_LIMIT 5469
AS_UPDATE_DAILY_EVENT_DAY 5470
SA_REQEUST_RESET_DUNGEON 5471
AS_REQUEST_RESET_DUNGEON 5472
SA_UPDATE_CAPACITY_POINT 5473
SA_UPDATE_MAKRER_END 5474
SA_UPDATE_GAUGE_END 5475
SA_INSERT_LIMITED_DROP_GAUGE_INFO 5476
SA_REQUSET_TOKEN_EXCHANGE_DATASHEET_RELOAD 5477
AS_REQUSET_TOKEN_EXCHANGE_DATASHEET_RELOAD 5478
AS_CHANGE_TOKEN_POINT_BY_WA 5479
AS_NPC_ARENA_STATE_CHECK 5480
SA_NPC_ARENA_STATE_CHECK 5481
AS_NPC_ARENA_ACTIVATE 5482
AS_QA_SET_GAME_OPERATOR 5483
SA_RESET_AND_ENTER_DUNGEON 5484
AS_RESET_AND_ENTER_DUNGEON 5485
AS_RESET_DUNGEON 5486
AS_AM_I_WORLD_CONTROL_ARBITER 5487
SA_AM_I_WORLD_CONTROL_ARBITER 5488
AS_DUNGEON_DISABLED_LIST 5489
AS_CONTENTS_ON_OFF_LIST 5490
AS_DUNGEON_ON_OFF 5491
AS_CONTENTS_ON_OFF 5492
AS_ACCESSORY_TRANSFORM_COST_INFO 5493
SA_ADMIN_HOLD_CHARACTER 5494
SA_ADMIN_CHAT_BAN 5495
AS_ADMIN_HOLD_CHARACTER 5496
AS_LOG_QUEST_END 5497
SA_LOG_QUEST_END 5498
SA_SPAWN_BUILD_OBJECT 5499
AS_SPAWN_BUILD_OBJECT 5500
AS_EVENT_MATCHING_INFO_LIST 5501
SA_LOAD_EVENT_MATCHING_INFO 5502
SA_DAILY_EVENT_COMPLETE 5503
SA_STORYGROUP_QUEST_COMPLETE 5504
AS_EVENT_MATCHING_INFO 5505
AS_EVENT_MATCHING_CONTROL 5506
AS_REQUEST_ENTER_BATTLEFIELD 5507
SA_UPDATE_PLAYGUIDE_EXTRA_REWARD_RESETTIME 5508
AS_UPDATE_PLAYGUIDE_EXTRA_REWARD_RESETTIME 5509
SA_UPDATE_EVENT_MATCHING_ADD_REWARD_RESETTIME 5510
AS_UPDATE_EVENT_MATCHING_ADD_REWARD_RESETTIME 5511
SA_LEVEL_UP_EVENT 5512
AS_ADMIN_DEL_FLOATING_CASTLE_PARTS 5513
SA_LOAD_FLOATINGCASTLE 5514
AS_LOAD_FLOATINGCASTLE 5515
AS_ALL_COLLECT_FLOATING_CASTLE 5516
AS_ASSIGN_ALL_FLOATING_CASTLE 5517
AS_COLLECT_FLOATING_CASTLE 5518
AS_ASSIGN_FLOATING_CASTLE 5519
AS_UPDATE_GUILD_GENERAL_COIN 5520
AS_SET_GUILD_GENERAL_COIN 5521
SA_BROADCAST_FLOATING_CASTLE_INFO 5522
SA_UPDATE_FLOATING_CASTLE_PARTS 5523
SA_BROADCAST_FLOATING_CASTLE_NAMEPLATE 5524
AS_UPDATE_FLOATING_CASTLE_PARTS 5525
SA_UPDATE_FLOATING_CASTLE_COST_STATE 5526
AS_UPDATE_FLOATING_CASTLE_COST_STATE 5527
SA_UPDATE_FLOATING_CASTLE_AUTHORITY 5528
AS_UPDATE_FLOATING_CASTLE_AUTHORITY 5529
SA_USER_ON_SPAWN_COMPLETE 5530
AS_UPDATE_GUILD_EMBLEM 5531
AS_UPDATE_ACHIEVEMENT_SEASON 5532
AS_ACQUIRE_FRIENDSHIP_GAGE 5533
SA_UPDATE_FRIENDSHIP_TO_MONSTER_KILL_COUNT 5534
SA_UPDATE_FRIENDSHIP_FOR_DUNGEON_CLEAR 5535
SA_UPDATE_FRIENDSHIP_FOR_BATTLE_FIELD 5536
SA_REQUEST_SEND_SKILL_SCRIPT_LIST 5537
AS_LOAD_PRODUCT_SALE_INFO 5538
AS_UPDATE_PRODUCT_SALE_INFO 5539
AS_LOAD_PRODUCT_MARK_INFO 5540
AS_UPDATE_PRODUCT_MARK_INFO 5541
AS_DELETE_ALL_PRODUCT 5542
AS_RESET_PRODUCT_MARK_EVENT 5543
SA_SYNC_DATE_TIME 5544
AS_SYNC_DATE_TIME 5545
AS_SEND_ATTENDANCE_EVENT_COMPENSATION 5546
SA_UPDATE_USER_ATTENDANCE_EVENT_COMPENSATION_INFO 5547
AS_SEND_RETURN_USER_REWARD 5548
SA_UPDATE_RETURN_USER_REWARD_INFO 5549
AS_BATTLE_FIELD_DISABLED_LIST 5550
AS_CHANGE_BATTLE_FIELD_ON_OFF 5551
AS_INVOKE_ABNORMALITY_BY_ADMIN 5552
AS_LOAD_ENCHANT_PROB_EVENT_INFO 5553
AS_INSERT_ENCHANT_PROB_EVENT 5554
AS_DELETE_ENCHANT_PROB_EVENT 5555
AS_CREATE_GROUP_DUEL 5556
AS_CHANGE_GROUP_DUEL_SETTING 5557
AS_SEND_MY_GROUP_DUEL_MSG 5558
AS_SET_ITEM_STRING 5559
AS_REWRITE_ITEM_STRING 5560
AS_CHANGE_EVENT_MATCHING_STATE 5561
AS_ADD_ACCOUNT_PACKAGE_LIST 5562
AS_REMOVE_ACCOUNT_PACKAGE_LIST 5563
AS_ADD_NPC_SPAWN_EVENT 5564
AS_DELETE_NPC_SPAWN_EVENT 5565
AS_DELETE_ALL_NPC_SPAWN_EVENT 5566
SA_END_NPC_SPAWN_EVENT 5567
AS_ADD_AWAKEN_ENCHANT_DATA 5568
AS_ADD_AWAKEN_CHANGE_DATA 5569
AS_DELETE_AWAKEN_ENCHANT_DATA 5570
AS_DELETE_AWAKEN_CHANGE_DATA 5571
AS_STORE_ITEM_CHANGE_INFO 5572
AS_RESET_STORE_ITEM_CHANGE_INFO 5573
AS_UPDATE_VIP_SYSTEM_INFO 5574
AS_ADD_VIP_TOKEN 5575
AS_DUNGEON_PHASE_LAST_RESET_TIME 5576
SA_REQUEST_DUNGEON_PHASE_USER_RESET 5577
AS_REQUEST_DUNGEON_PHASE_USER_RESET 5578
AS_CHANGE_DUNGEON_PHASE_LEVEL 5579
DSA_SAVE_DUNGEON_PHASE_LEVEL 5580
DSA_LOG_DUNGEON_PHASE_RECORD 5581
SA_BROADACST_CITY_WAR_SEASON_HISTROY 5582
AS_CITY_WAR_ON 5583
AS_CITY_WAR_OFF 5584
SA_BROADACST_TAX_INFO 5585
SA_REQUEST_ENTER_CITY_WAR 5586
AS_REQUEST_ENTER_CITY_WAR 5587
SA_REQUEST_ENTER_CITY_WAR_GUILD_TOWER_BY_ITEM 5588
AS_REQUEST_ENTER_CITY_WAR_GUILD_TOWER_BY_ITEM 5589
AS_UPDATE_ADMIN_CITY_WAR_OPEN_TIME 5590
AS_UPDATE_ADMIN_CITY_WAR_INTEREST_ONLY 5591
AS_ADD_ADMIN_CITY_WAR_GUILD_BAN 5592
AS_DEL_ADMIN_CITY_WAR_GUILD_BAN 5593
SA_TELEPORT_CITY_WAR 5594
AS_TELEPORT_CITY_WAR 5595
SA_TELEPORT_CITY_WAR_GUILD_TOWER_BY_ITEM 5596
AS_TELEPORT_CITY_WAR_GUILD_TOWER_BY_ITEM 5597
SA_CITYWAR_WARNING_UNDERATTACK 5598
AS_ADMIN_DELETE_GUILD_TOWER 5599
SA_ADMIN_DELETE_GUILD_TOWER 5600
SA_QA_DELETE_GUILD_TOWER 5601
AS_QA_DELETE_GUILD_TOWER 5602
SA_REWARD_CITYWAR_KILL_DEATH_COUNT 5603
SA_CHANGE_CITY_WAR_STATE 5604
AS_ADD_VILLAGER_DESPAWN 5605
AS_REMOVE_VILLAGER_DESPAWN 5606
ADS_ADMIN_GET_DUNGEON_USER_LIST 5607
DSA_ADMIN_GET_DUNGEON_USER_LIST 5608
SA_GMEVENT_SEND_GUIDE_MESSAGE 5609
SA_GMEVENT_OFF_GUIDE_MESSAGE 5610
AS_LOAD_GMEVENT_DATA 5611
AS_RELOAD_GMEVENT_DATASHEET 5612
SA_GMEVENT_REQUEST_REWARD 5613
AS_GMEVENT_RESPONSE_REWARD 5614
SA_GMEVENT_REQUEST_OX_QUIZ 5615
AS_GMEVENT_RESPONSE_OX_QUIZ 5616
AS_GMEVENT_ONOFF 5617
SA_GMEVENT_CHANGE_STATUS 5618
AS_GMEVENT_DELETE_EVENT 5619
AS_GMEVENT_UPDATE_EVENT 5620
AS_GMEVENT_LOAD_JOIN_COUNT 5621
AS_GMEVENT_CLEAR_JOIN_COUNT 5622
AS_GMEVENT_CHANGE_MAX_JOIN_COUNT 5623
SA_GMEVENT_CHANGE_JOIN_COUNT 5624
AS_GMEVENT_NOTICE 5625
SA_UPDATE_SKILL_COOLTIME 5626
AS_LOAD_EVENTSYSTEM_INFO 5627
AS_LOAD_EVENTSYSTEM_PROGRESS_INFO 5628
AS_ADD_EVENTSYSTEM_INFO 5629
AS_DELETE_EVENTSYSTEM_INFO 5630
SA_REPORT_CHEATER 5631
AS_UPDATE_SKILL_CHEATER_CONFIG 5632
SA_UPDATE_SKILL_CHEATER_CONFIG 5633
AS_INSERT_CONTINENT_ABNORMALITY 5634
AS_DELETE_CONTINENT_ABNORMALITY 5635
SA_UPDATE_RANK_USERNAME 5636
AS_SET_FIELD_POINT_ADMIN_REWARD 5637
SA_GIVE_FIELD_EVENT_CLEAR_REWARD 5638
DSA_DUNGEON_CLEAR_RECORD_RESULT 5639
SA_CHECK_MANUAL_PARTY_MATCH_ENTER_DUNGEON 5640
AS_ADD_RESTRICTION_ITEM 5641
AS_DELETE_RESTRICTION_ITEM 5642
AS_SEND_RESTRICTION_ITEM_LIST 5643
AS_SEND_STATUE_DATA 5644
AS_DESTORY_STATUE 5645
SA_SEND_USE_OPTIONAL_ITEM 5646
SA_USE_GOLDENBELL 5647
AS_USE_GOLDENBELL 5648
SDB_PING 10000
SDB_USER_ENTERWORLD 10001
SDB_USER_LEAVEWORLD 10002
DBS_USER_LEAVEWORLD 10003
SDB_VENDINGMACHINE_LOAD 10004
DBS_VENDINGMACHINE_LOAD 10005
SDB_VENDINGMACHINE_SELL_SETTING 10006
DBS_VENDINGMACHINE_SELL_SETTING 10007
SDB_VENDINGMACHINE_SELL 10008
DBS_VENDINGMACHINE_SELL 10009
SDB_VENDINGMACHINE_SELL_CLOSE 10010
DBS_VENDINGMACHINE_SELL_CLOSE 10011
SDB_VENDINGMACHINE_BUY_SETTING 10012
DBS_VENDINGMACHINE_BUY_SETTING 10013
SDB_VENDINGMACHINE_BUY 10014
DBS_VENDINGMACHINE_BUY 10015
SDB_VENDINGMACHINE_BUY_CLOSE 10016
DBS_VENDINGMACHINE_BUY_CLOSE 10017
SDB_VENDINGMACHINE_DESTROY 10018
DBS_VENDINGMACHINE_DESTROY 10019
SDB_VENDINGMACHINE_SELL_SETTLE_UP 10020
DBS_VENDINGMACHINE_SELL_SETTLE_UP 10021
SDB_VENDINGMACHINE_BUY_SETTLE_UP 10022
DBS_VENDINGMACHINE_BUY_SETTLE_UP 10023
SDB_VENDINGMACHINE_SELL_DIE 10024
DBS_VENDINGMACHINE_SELL_DIE 10025
SDB_VENDINGMACHINE_BUY_DIE 10026
DBS_VENDINGMACHINE_BUY_DIE 10027
SDB_LOAD_QUEST_LIST 10028
DBS_LOAD_QUEST_LIST 10029
SDB_SET_QUEST_INFO 10030
DBS_SET_QUEST_INFO 10031
SDB_GIVE_QUEST_BACKUP_ITEM 10032
DBS_GIVE_QUEST_BACKUP_ITEM 10033
SDB_SET_QUESTLIST_INFO 10034
DBS_SET_QUESTLIST_INFO 10035
SDB_SET_TASK_SHOW_TOGGLE 10036
DBS_SET_TASK_SHOW_TOGGLE 10037
SDB_END_START_QUEST_LIST 10038
DBS_END_START_QUEST_LIST 10039
DBS_USER_ENTERWORLD 10041
S_UPDATE_LICENSE 10042
D_UPDATE_LICENSE 10043
S_UPDATE_EXP_LEVEL 10044
D_UPDATE_EXP_LEVEL 10045
S_UPDATE_PROF_MINERAL 10046
S_UPDATE_PROF_BUG 10047
S_UPDATE_PROF_ENERGY 10048
S_UPDATE_PROF_HERB 10049
D_UPDATE_PROF_RESULT 10050
S_UPDATE_USER_PKDECLARECOUNT 10051
D_UPDATE_USER_PKDECLARECOUNT 10052
S_UPDATE_USER_PKPOINT 10053
D_UPDATE_USER_PKPOINT 10054
SDB_SET_MONEY 10055
SDB_GET_MONEY 10056
DBS_SET_MONEY 10057
DBS_GET_MONEY 10058
SDB_VIEW_WAREHOUSE 10059
DBS_VIEW_WAREHOUSE 10060
SDB_STORE_WAREHOUSE 10061
DBS_STORE_WAREHOUSE 10062
SDB_GET_WAREHOUSE 10063
DBS_GET_WAREHOUSE 10064
SDB_MOVE_WAREHOUSE_ITEM 10065
DBS_MOVE_WAREHOUSE_ITEM 10066
SDB_ITEM_PRODUCE_STEP1 10067
DBS_ITEM_PRODUCE_STEP1 10068
SDB_ITEM_PRODUCE_STEP2 10069
DBS_ITEM_PRODUCE_STEP2 10070
SDB_ITEM_EXTRACT 10071
DBS_ITEM_EXTRACT 10072
SDB_ITEM_DECOMPOSE 10073
DBS_ITEM_DECOMPOSE 10074
SDB_LEARN_ITEM_RECIPE 10075
DBS_LEARN_ITEM_RECIPE 10076
SDB_LOAD_ITEM_RECIPE 10077
DBS_LOAD_ITEM_RECIPE 10078
SDB_DELETE_ITEM_RECIPE_LIST 10079
DBS_DELETE_ITEM_RECIPE_LIST 10080
SDB_LOAD_SKILL_PROF 10081
DBS_LOAD_SKILL_PROF 10082
SDB_UPDATE_SKILL_PROF 10083
DBS_UPDATE_SKILL_PROF 10084
SDB_ITEM_SINGLE 10085
DBS_ITEM_SINGLE 10086
SDB_ITEM_TRADE 10087
DBS_ITEM_TRADE 10088
SDB_ITEM_DELIVER 10089
DBS_ITEM_DELIVER 10090
SDB_ITEM_ENCHANT 10091
DBS_ITEM_ENCHANT 10092
SDB_ITEM_ENCHANT_IDENTIFY 10093
DBS_ITEM_ENCHANT_IDENTIFY 10094
SDB_ITEM_CUSTOMIZING 10095
DBS_ITEM_CUSTOMIZING 10096
SDB_ITEM_MERGE 10097
DBS_ITEM_MERGE 10098
SDB_UPDATE_USERDATA 10099
SDB_LIST_PARCEL 10100
DBS_LIST_PARCEL 10101
SDB_MAKE_PARCEL 10102
DBS_MAKE_PARCEL 10103
SDB_RECV_PARCEL 10104
DBS_RECV_PARCEL 10105
SDB_CHANGE_WAREHOUSE_POS 10106
DBS_CHANGE_WAREHOUSE_POS 10107
SDB_RETURN_PARCEL 10108
DBS_RETURN_PARCEL 10109
SDB_CLEAR_QUEST 10110
DBS_CLEAR_QUEST 10111
SDB_CHECK_NEW_GUILD_NAME 10112
DBS_CHECK_NEW_GUILD_NAME 10113
SDB_USER_LEARN_SKILL 10121
DBS_USER_LEARN_SKILL 10122
SDB_USER_LEARN_SKILL_FOR_MULTIPLE 10123
DBS_USER_LEARN_SKILL_FOR_MULTIPLE 10124
SDB_USER_FORGET_SKILL 10125
DBS_USER_FORGET_SKILL 10126
SDB_USER_UPDATE_LAST_MOUNT_SKILL 10127
DBS_USER_UPDATE_LAST_MOUNT_SKILL 10128
SDB_USER_DELETE_LAST_MOUNT_SKILL 10129
DBS_USER_DELETE_LAST_MOUNT_SKILL 10130
SDB_USER_LEARN_HIDE_PASSIVE_SKILL 10131
DBS_USER_LEARN_HIDE_PASSIVE_SKILL 10132
SDB_GUILD_LEARN_PERK 10133
DBS_GUILD_LEARN_PERK 10134
SDB_GUILD_RESET_PERK 10135
DBS_GUILD_RESET_PERK 10136
SDB_START_GUILD_PERK_AND_COST_GUILD_MONEY 10137
DBS_START_GUILD_PERK_AND_COST_GUILD_MONEY 10138
SDB_GIVE_GUILD_MONEY_INCENTIVE 10139
DBS_GIVE_GUILD_MONEY_INCENTIVE 10140
SDB_USER_LOAD_INVENTORY 10141
DBS_USER_LOAD_INVENTORY 10142
SDB_PEGASUS_FEE 10143
DBS_PEGASUS_FEE 10144
SDB_LOAD_TELEPORT_TO_POS_LIST 10145
DBS_LOAD_TELEPORT_TO_POS_LIST 10146
SDB_ADD_TELEPORT_TO_POS_LIST 10147
DBS_ADD_TELEPORT_TO_POS_LIST 10148
SDB_DELETE_TELEPORT_TO_POS_LIST 10149
DBS_DELETE_TELEPORT_TO_POS_LIST 10150
SDB_RENAME_TELEPORT_TO_POS_LIST 10151
DBS_RENAME_TELEPORT_TO_POS_LIST 10152
SDB_UPDATE_DAILY_EXTRA_POINT 10153
DBS_UPDATE_DAILY_EXTRA_POINT 10154
SDB_UPDATE_EXTRA_POINT 10155
DBS_UPDATE_EXTRA_POINT 10156
SDB_UPDATE_DAILY_LIMIT_EP_EXP 10157
DBS_UPDATE_DAILY_LIMIT_EP_EXP 10158
SDB_RESET_EXTRA_POINT_DATA 10159
DBS_RESET_EXTRA_POINT_DATA 10160
SDB_CHANGE_GOLD_CONSUMPTION 10161
DBS_CHANGE_GOLD_CONSUMPTION 10162
SDB_USER_LOAD_EP_PERK 10163
DBS_USER_LOAD_EP_PERK 10164
SDB_USER_LEARN_EP_PERK 10165
DBS_USER_LEARN_EP_PERK 10166
SDB_USER_RESET_EP_PERK 10167
DBS_USER_RESET_EP_PERK 10168
SDB_USER_INCREASE_EP_POINT_BY_ITEM 10169
DBS_USER_INCREASE_EP_POINT_BY_ITEM 10170
SDB_UPDATE_PRE_EP_INFO 10171
DBS_UPDATE_PRE_EP_INFO 10172
SDB_CONDITIONAL_TELEPORT 10173
DBS_CONDITIONAL_TELEPORT 10174
SDB_RETURN_HOME_WITH_SYSRETURN 10175
DBS_SYSRETURN_POSITION 10176
SDB_SET_SYSRETURN_POSITION 10177
SDB_ITEM_STORE 10178
DBS_ITEM_STORE 10179
SDB_PAY_WAREHOUSE_COMMISION 10180
DBS_PAY_WAREHOUSE_COMMISION 10181
SDB_UPDATE_USER_DATA 10182
DBS_UPDATE_USER_DATA 10183
SDB_ITEM_SIMPLE_ATOM 10184
DBS_ITEM_SIMPLE_ATOM 10185
SDB_INIT_GUILD 10186
DBS_INIT_GUILD_GROUP 10187
DBS_INIT_GUILD_MEMBER 10188
DBS_INIT_GUILD_PERK_LIST 10189
DBS_LOAD_GUILD_COMPLETE 10190
SDB_CREATE_GUILD2 10191
DBS_CREATE_GUILD2 10192
S_UPDATE_USER_PKDECLARECOUNT2 10193
D_UPDATE_USER_PKDECLARECOUNT2 10194
SDB_ADD_GUILDMEMBER2 10198
DBS_ADD_GUILDMEMBER2 10199
SDB_ITEM_TRADE_LOG 10200
SDB_MAIN_MENU_COMMAND 10201
DBS_MAIN_MENU_COMMAND 10202
SDB_CLEAR_WAREHOUSE 10203
DBS_CLEAR_WAREHOUSE 10204
SDB_INVENTORY_AUTO_SORT 10205
DBS_INVENTORY_AUTO_SORT 10206
SDB_WAREHOUSE_AUTO_SORT 10207
DBS_WAREHOUSE_AUTO_SORT 10208
SDB_SEND_CAMP_TELEPORT 10209
DBS_CLEAR_INVEN 10210
SDB_USER_CLEAR_ALL_SKILL 10211
DBS_USER_CLEAR_ALL_SKILL 10212
SDB_GROUP_DUEL_BET_MONEY 10213
DBS_GROUP_DUEL_BET_MONEY 10214
DBS_UPDATE_USER_MONEY 10215
DBS_UPDATE_USER_INVENTORY 10216
DBS_VENDINGMACHINE_LOAD2 10217
DBS_USER_LOAD_INVENTORY2 10218
DBS_INIT_GUILD_DATA 10219
SDB_VENDINGMACHINE_SET 10220
DBS_VENDINGMACHINE_SET 10221
SDB_VENDINGMACHINE_BUYSELL 10222
DBS_VENDINGMACHINE_BUYSELL 10223
SDB_VENDINGMACHINE_BUY_SET 10224
DBS_VENDINGMACHINE_BUY_SET 10225
SDB_VENDINGMACHINE_BUY_EX 10226
DBS_VENDINGMACHINE_BUY_EX 10227
SDB_VENDINGMACHINE_CLEAR 10228
DBS_VENDINGMACHINE_CLEAR 10229
SDB_LOAD_USER_ACHIEVEMENT 10230
DBS_LOAD_USER_ACHIEVEMENT 10231
SDB_UPDATE_USER_ACHIEVEMENT 10232
DBS_UPDATE_USER_ACHIEVEMENT 10233
SDB_GROUP_DUEL_BETTING_ITEM 10234
DBS_GROUP_DUEL_BETTING_ITEM 10235
SDB_ADD_PVP_USER_LOG 10236
SDB_ADD_PK_USER_LOG 10237
SDB_ADD_GROUP_DUEL_USER_LOG 10238
DBS_UPDATE_SERVER_ACHIEVEMENT 10239
SDB_ACCOMPLISH_USER_ACHIEVEMENT 10240
DBS_ACCOMPLISH_USER_ACHIEVEMENT 10241
SDB_DELETE_USER_ACHIEVEMENT 10242
DBS_DELETE_USER_ACHIEVEMENT 10243
SDB_APPLY_TITLE 10244
DBS_APPLY_TITLE 10245
DBS_USER_REFRESH_INVENTORY 10246
SDB_FETCH_THROUGH_ARBITER_CONTRACT 10247
DBS_FETCH_THROUGH_ARBITER_CONTRACT 10248
DBS_ASK_THROUGH_ARBITER_CONTRACT 10249
SDB_ASK_THROUGH_ARBITER_CONTRACT 10250
SDB_SEND_BEGIN_THROUGH_ARBITER_CONTRACT 10251
SDB_SEND_END_THROUGH_ARBITER_CONTRACT 10252
DBS_SEND_END_THROUGH_ARBITER_CONTRACT 10253
DBS_REPLY_THROUGH_ARBITER_CONTRACT 10254
SDB_DELETE_PARCEL 10255
DBS_DELETE_PARCEL 10256
SDB_EQUIP_ITEM 10257
DBS_EQUIP_ITEM 10258
SDB_GROUP_DUEL_RETURN 10259
DBS_GROUP_DUEL_RETURN 10260
SDB_TRADE_BROKER_REGISTER_ITEM 10261
DBS_TRADE_BROKER_REGISTER_ITEM 10262
SDB_TRADE_BROKER_UNREGISTER_ITEM 10263
DBS_TRADE_BROKER_UNREGISTER_ITEM 10264
SDB_TRADE_BROKER_CALC_SOLD_ITEM 10265
DBS_TRADE_BROKER_CALC_SOLD_ITEM 10266
SDB_TRADE_BROKER_CALC_BOUGHT_ITEM 10267
DBS_TRADE_BROKER_CALC_BOUGHT_ITEM 10268
SDB_TRADE_BROKER_BUY_IT_NOW 10269
DBS_TRADE_BROKER_BUY_IT_NOW 10270
SDB_TRADE_BROKER_START_DEAL 10271
DBS_TRADE_BROKER_START_DEAL 10272
DBS_TRADE_BROKER_ACCEPT_DEAL 10273
SDB_TRADE_BROKER_CANCEL_DEAL 10274
AS_ASK_ADMIN_REQUEST_USERACTION 10275
SA_ADMIN_REQUEST_USERACTION 10276
AS_ADMIN_REQUEST_USERACTION 10277
AS_ADMIN_REQUEST_SEND_INFO 10278
AS_ADMIN_COMMAND 10279
DBS_DELETE_QUEST 10280
DBS_UPDATE_QUEST 10281
DBS_TRADE_BROKER_CANCEL_DEAL 10282
SDB_USER_VAPORIZED 10283
DBS_SIMULATE_ITEM_TOOLTIP 10284
SDB_SIMULATE_ITEM_TOOLTIP 10285
DBS_USER_RESTRICTION 10286
SDB_VISIT_ALL_SECTIONS 10287
AS_CAMP_TEL_ADDED 10288
SDB_LOAD_USER_RESTRICTION 10289
DBS_LOAD_USER_RESTRICTION 10290
SDB_LOAD_USER_VIP_INFO 10291
DBS_LOAD_USER_VIP_INFO 10292
SDB_RESET_VIP_STORE 10293
DBS_RESET_VIP_STORE 10294
SDB_BUY_VIP_STORE_ITEM 10295
DBS_BUY_VIP_STORE_ITEM 10296
SDB_ADD_VIP_GAME_EXP 10297
DBS_ADD_VIP_GAME_EXP 10298
SDB_INCREASE_INVENTORY_SIZE 10299
DBS_INCREASE_INVENTORY_SIZE 10300
SDB_REQUEST_SEND_PAPERDOLL 10301
SDB_REQUEST_SEND_QUESTJOURNAL 10302
SDB_COUPON_LIST 10303
DBS_COUPON_LIST 10304
SDB_USE_COUPON 10305
DBS_USE_COUPON 10306
SDB_DELETE_COUPON 10307
DBS_DELETE_COUPON 10308
SDB_RIGHT_ITEM_LIST 10309
DBS_RIGHT_ITEM_LIST 10310
SDB_USE_RIGHT_ITEM 10311
DBS_USE_RIGHT_ITEM 10312
SDB_ASK_CHANGE_CHAR_NAME 10313
DBS_ASK_CHANGE_CHAR_NAME 10314
SDB_DO_CHANGE_CHAR_NAME 10315
DBS_DO_CHANGE_CHAR_NAME 10316
SDB_ASK_CHANGE_GUILD_NAME 10317
DBS_ASK_CHANGE_GUILD_NAME 10318
SDB_DO_CHANGE_GUILD_NAME 10319
DBS_DO_CHANGE_GUILD_NAME 10320
SDB_DO_CHANGE_LOOK 10321
DBS_DO_CHANGE_LOOK 10322
SDB_CHANGE_ACCESSORY_TRANSFORM 10323
DBS_CHANGE_ACCESSORY_TRANSFORM 10324
SDB_CHANGE_FACE_CUSTOM 10325
DBS_CHANGE_FACE_CUSTOM 10326
AS_ADD_TO_FRIEND_LIST 10327
AS_DESPAWN_PET 10328
SA_TEST_PACKET 10329
SDB_VENDINGMACHINE_STOP 10330
AS_GUILD_JOINED 10331
SDB_LOAD_DUNGEON_COOL_TIME 10332
DBS_LOAD_DUNGEON_COOL_TIME 10333
SDB_LOAD_DUNGEON_PHASE_LEVEL 10334
DBS_LOAD_DUNGEON_PHASE_LEVEL 10335
SDB_UPDATE_DUNGEON_RANK_RECORD 10336
DBS_UPDATE_DUNGEON_RANK_RECORD 10337
AS_TRADE_BROKER_ITEM_SOLD 10338
SDB_ADD_TUTORIAL_SIMPLE_TIP 10339
DBS_ADD_TUTORIAL_SIMPLE_TIP 10340
SDB_DONT_REPEAT_TUTORIAL_SIMPLE_TIP 10341
DBS_DONT_REPEAT_TUTORIAL_SIMPLE_TIP 10342
SDB_LOAD_TUTORIAL_SIMPLE_TIP 10343
DBS_LOAD_TUTORIAL_SIMPLE_TIP 10344
SDB_VENDINGMACHINE_CALCULATE_SELLER 10345
DBS_VENDINGMACHINE_CALCULATE_SELLER 10346
SDB_VENDINGMACHINE_CALCULATE_BUYER 10347
DBS_VENDINGMACHINE_CALCULATE_BUYER 10348
DBS_OPERATOR_TERRITORY_NPC_KILL 10349
DBS_OPERATOR_CANCEL_TERRITORY_NPC_KILL 10350
SDB_OPERATOR_TERRITORY_NPC_KILL 10351
SDB_OPERATOR_TERRITORY_NPC_KILL_CANCEL 10352
DBS_OPERATOR_TERRITORY_NPCPARTY_RESPAWN 10353
DBS_OPERATOR_TERRITORY_NPCTEMPLATE_RESPAWN 10354
SDB_CHANGE_ITEM_EXTERIOR 10355
DBS_CHANGE_ITEM_EXTERIOR 10356
SDB_RESTORE_ITEM_EXTERIOR 10357
DBS_RESTORE_ITEM_EXTERIOR 10358
SDB_CHANGE_ITEM_COLORING 10359
DBS_CHANGE_ITEM_COLORING 10360
SDB_DECREASE_ITEM_COLORING_LEFTTIME 10361
DBS_DECREASE_ITEM_COLORING_LEFTTIME 10362
SDB_REVIVE_FOR_DUNGEON_RETRY 10363
DBS_REVIVE_FOR_DUNGEON_RETRY 10364
SDB_TURN_ON_WORK_OBJECT 10365
DBS_TURN_ON_WORK_OBJECT 10366
SDB_SET_RECIPE_BOOKMARK 10367
DBS_SET_RECIPE_BOOKMARK 10368
SDB_CASH_ITEM_LOG 10369
SDB_USE_CHRONOSCROLL 10370
DBS_USE_CHRONOSCROLL 10371
SDB_LOAD_REPUTATION_LIST 10372
DBS_LOAD_REPUTATION_LIST 10373
SDB_UPDATE_REPUTATION_INFO 10374
DBS_UPDATE_REPUTATION_INFO 10375
SDB_INIT_LIMIT_REMAIN_REPUTATION 10376
DBS_INIT_LIMIT_REMAIN_REPUTATION 10377
SDB_LOAD_BATTLE_FIELD_LIST 10378
DBS_LOAD_BATTLE_FIELD_LIST 10379
SDB_UPDATE_DAILY_QUEST_COMPLETE_COUNT 10380
DBS_UPDATE_DAILY_QUEST_COMPLETE_COUNT 10381
SDB_UPDATE_DAILY_QUEST_SEED 10382
DBS_UPDATE_DAILY_QUEST_SEED 10383
SDB_ITEM_POINT_STORE 10384
DBS_ITEM_POINT_STORE 10385
SDB_ITEM_GUILD_STORE 10386
DBS_ITEM_GUILD_STORE 10387
SDB_TUTORIAL_END 10388
DBS_TUTORIAL_END 10389
SDB_ITEM_UNIDENTIFY 10390
DBS_ITEM_UNIDENTIFY 10391
SDB_DELETE_QUEST_COMPLETED 10392
DBS_DELETE_QUEST_COMPLETED 10393
SDB_INSERT_FEUDAL_LORD_FLAG 10394
DBS_INSERT_FEUDAL_LORD_FLAG 10395
SDB_DECREASE_FEUDAL_LORD_FLAG_LIFE_TIME 10396
DBS_DECREASE_FEUDAL_LORD_FLAG_LIFE_TIME 10397
SDB_LOAD_FEUDAL_LORD_FLAG 10398
DBS_LOAD_FEUDAL_LORD_FLAG 10399
SDB_POLITICS_POINT_STORE 10400
DBS_POLITICS_POINT_STORE 10401
DBS_CHANGE_POLICYPOINT 10402
SDB_MARK_AS_QUEST_COMPLETED 10403
DBS_MARK_AS_QUEST_COMPLETED 10404
SDB_LOAD_REFER_A_FRIEND_LIST 10405
DBS_LOAD_REFER_A_FRIEND_LIST 10406
DBS_ADD_REFER_A_FRIEND 10407
DBS_DELETE_REFER_A_FRIEND 10408
DBS_CHECK_SUMMON_FRIEND 10409
SDB_CHECK_SUMMON_FRIEND 10410
DBS_LOAD_INVITE_FRIEND 10411
SDB_LOAD_INVITE_FRIEND 10412
SDB_PUBLISH_INVITE_CODE 10413
SDB_INVITE_FRIEND_EXPIRE_TIME_END 10414
SDB_GIVE_INVITE_COMPENSATION 10415
SDB_LOAD_ACCOUNT_BENEFIT 10416
DBS_LOAD_ACCOUNT_BENEFIT 10417
SDB_LOAD_PREMIUM_SLOT 10418
DBS_LOAD_PREMIUM_SLOT 10419
SDB_LOAD_PCBANG_INVEN 10420
DBS_LOAD_PCBANG_INVEN 10421
SDB_REQUEST_RESET_PCBANG_INVEN 10422
DBS_REQUEST_RESET_PCBANG_INVEN 10423
SDB_REQUEST_USE_PCBANG_INVEN 10424
DBS_REQUEST_USE_PCBANG_INVEN 10425
SDB_UPDATE_PCBANG_INVEN_COOLTIME 10426
DBS_UPDATE_PCBANG_INVEN_COOLTIME 10427
SDB_LOAD_SKILLPERIOD 10428
DBS_LOAD_SKILLPERIOD 10429
SDB_UPDATE_REDUCE_SKILLPERIOD 10430
DBS_UPDATE_REDUCE_SKILLPERIOD 10431
SDB_CHANGE_ENCHAT_SCROLL_PASSIVE 10432
DBS_CHANGE_ENCHAT_SCROLL_PASSIVE 10433
SDB_LOAD_LEARNED_SOCIAL 10434
DBS_LOAD_LEARNED_SOCIAL 10435
SDB_USER_LEARN_SOCIAL 10436
DBS_USER_LEARN_SOCIAL 10437
SDB_USER_FORGET_SOCIAL 10438
DBS_USER_FORGET_SOCIAL 10439
SDB_USER_CLEAR_ALL_SOCIAL 10440
DBS_USER_CLEAR_ALL_SOCIAL 10441
SDB_INCREMENT_CHARACTER_SOCKET 10442
DBS_INCREMENT_CHARACTER_SOCKET 10443
SDB_INCREMENT_CHARACTER_LEVEL 10444
DBS_INCREMENT_CHARACTER_LEVEL 10445
SDB_INCREMENT_CHARACTER_LEVEL_JUMP 10446
DBS_INCREMENT_CHARACTER_LEVEL_JUMP 10447
SDB_INCREMENT_CHARACTER_EXP 10448
DBS_INCREMENT_CHARACTER_EXP 10449
DBS_INGAMESHOP_CATEGORY_BEGIN 10450
DBS_INGAMESHOP_CATEGORY_DATA 10451
DBS_INGAMESHOP_CATEGORY_END 10452
DBS_INGAMESHOP_PRODUCT_BEGIN 10453
DBS_INGAMESHOP_PRODUCT_DATA 10454
DBS_INGAMESHOP_PRODUCT_TAG 10455
DBS_INGAMESHOP_PRODUCT_ITEMID 10456
DBS_INGAMESHOP_PRODUCT_SUBPROD 10457
DBS_INGAMESHOP_PRODUCT_END 10458
SDB_ASK_CURRENT_HANCOIN_AMOUNT 10459
SDB_REQUEST_BUY_PRODUCTID 10460
SDB_SHARED_ACCOUNT_DATA 10461
DBS_SHARED_ACCOUNT_DATA 10462
SA_USER_CHANGE_CLASS_RACE_GENDER 10463
AS_USER_CHANGE_CLASS_RACE_GENDER 10464
AS_EVENT_HUNTINGBONUS_ITEM 10465
SA_EVENT_HUNTINGBONUS_ITEMRESULT 10466
SDB_ENCHANT_ITEM_BOOST 10467
DBS_ENCHANT_ITEM_BOOST 10468
SDB_UPDATE_ITEM_CUSTOMEXITEM 10469
DBS_UPDATE_ITEM_CUSTOMEXITEM 10470
AS_EVENT_HUNTINGBONUS 10471
SA_EVENT_HUNTINGBONUS_ITEMADDED 10472
SDB_DO_LIMITED_GACHA_WORK 10473
DBS_DO_LIMITED_GACHA_WORK 10474
SDB_EXCHANGE_TOKEN_ITEM_TO_POINT 10475
DBS_EXCHANGE_TOKEN_ITEM_TO_POINT 10476
SDB_LOAD_TOKEN_EXCHANGE 10477
DBS_LOAD_TOKEN_EXCHANGE 10478
SDB_LOAD_LIMITED_DROP_POINT 10479
DBS_LOAD_LIMITED_DROP_POINT 10480
SDB_LOAD_MASSTIGE_INFO 10481
DBS_LOAD_MASSTIGE_INFO 10482
SDB_SET_TOKEN_POINT_QA 10483
DBS_SET_TOKEN_POINT_QA 10484
SDB_RESET_MASSTIGE_STATUS 10485
DBS_RESET_MASSTIGE_STATUS 10486
SDB_LOAD_FATIGABILITY_LIST 10487
DBS_LOAD_FATIGABILITY_LIST 10488
SDB_LOAD_ADDITIONAL_FATIGUEPOINT 10489
DBS_LOAD_ADDITIONAL_FATIGUEPOINT 10490
SDB_INIT_LOSS_LOGINTIME_REVISION_SECOND 10491
DBS_INIT_LOSS_LOGINTIME_REVISION_SECOND 10492
SDB_NEW_FATIGABILITY 10493
DBS_NEW_FATIGABILITY 10494
SDB_UPDATE_FATIGABILITY_POINT 10495
DBS_UPDATE_FATIGABILITY_POINT 10496
SDB_LOAD_PROMOTION_LIST 10497
DBS_LOAD_PROMOTION_LIST 10498
SDB_UPDATE_PROMOTION 10499
DBS_UPDATE_PROMOTION 10500
SDB_LOAD_PROMOTION_CONDITION_LIST 10501
DBS_LOAD_PROMOTION_CONDITION_LIST 10502
SDB_CREATE_PROMOTION_CONDITION 10503
DBS_CREATE_PROMOTION_CONDITION 10504
SDB_UPDATE_PROMOTION_CONDITION 10505
DBS_UPDATE_PROMOTION_CONDITION 10506
SDB_DELETE_PROMOTION 10507
DBS_DELETE_PROMOTION 10508
SDB_DELETE_PROMOTION_CONDITION 10509
DBS_DELETE_PROMOTION_CONDITION 10510
SDB_ITEM_DECOMPOSITION 10511
DBS_ITEM_DECOMPOSITION 10512
SDB_LOAD_PASSIVITY_COOLTIME 10513
DBS_LOAD_PASSIVITY_COOLTIME 10514
SDB_UPDATE_PASSIVITY_COOLTIME 10515
DBS_UPDATE_PASSIVITY_COOLTIME 10516
SDB_NPC_ARENA_BET 10517
SDB_CANCEL_NPC_ARENA_BET 10518
SDB_ITEM_FLOATING_CASTLE_PASTS_STORE 10519
DBS_ITEM_FLOATING_CASTLE_PASTS_STORE 10520
SDB_OPEN_FLOATING_CASTLE_PARTS_STORE 10521
DBS_OPEN_FLOATING_CASTLE_PARTS_STORE 10522
SDB_COLLECT_USEITEM_IN_FLOATING_CASTLE 10523
DBS_COLLECT_USEITEM_IN_FLOATING_CASTLE 10524
SDB_UPDATE_CUSTOMIZING_COMBINE_RESULT 10525
DBS_UPDATE_CUSTOMIZING_COMBINE_RESULT 10526
SDB_UPDATE_HOLD_CHARACTER_STATUS 10527
DBS_UPDATE_HOLD_CHARACTER_STATUS 10528
SDB_ITEM_AWAKEN 10529
DBS_ITEM_AWAKEN 10530
SDB_ITEM_UNBIND 10531
DBS_ITEM_UNBIND 10532
SDB_CHECK_DAILY_ATTENDANCE 10533
DBS_CHECK_DAILY_ATTENDANCE 10534
SDB_RESET_DAILY_ATTENDANCE 10535
DBS_RESET_DAILY_ATTENDANCE 10536
SDB_LOAD_USER_DAILY_EVENT 10537
DBS_LOAD_USER_DAILY_EVENT 10538
SDB_UPDATE_USER_DAILY_EVENT_COUNT 10539
DBS_UPDATE_USER_DAILY_EVENT_COUNT 10540
SDB_UPDATE_GET_EXTRA_REWARD 10541
DBS_UPDATE_GET_EXTRA_REWARD 10542
SDB_ADMIN_USER_DAILY_ATTENDANCE 10543
DBS_ADMIN_USER_DAILY_ATTENDANCE 10544
SDB_INIT_SEREN_GUIDE_INFO 10545
DBS_INIT_SEREN_GUIDE_INFO 10546
SDB_UPDATE_SEREN_GUIDE_INFO 10547
DBS_UPDATE_SEREN_GUIDE_INFO 10548
SDB_REQUEST_MEGAPHONE 10549
DBS_REQUEST_MEGAPHONE 10550
SDB_BUILD_GUILD_TOWER 10551
DBS_BUILD_GUILD_TOWER 10552
SDB_CHECK_PLAYTIME_REWARD 10553
DBS_CHECK_PLAYTIME_REWARD 10554
SDB_RECEIVE_PLAYTIME_REWARD 10555
DBS_RECEIVE_PLAYTIME_REWARD 10556
SDB_LOAD_CITY_WAR_SEASON_INFO 10557
SDB_LOAD_CITY_TOWER_AND_PLAYER_INFO 10558
SDB_DELETE_GUILD_TOWER 10559
DBS_DELETE_GUILD_TOWER 10560
DBS_LOAD_CITY_TOWER_AND_PLAYER_INFO 10561
DBS_CITY_WAR_INFO 10562
SDB_LOAD_CITY_GUILD_INFO 10563
DBS_LOAD_CITY_GUILD_INFO 10564
SDB_CREATE_NEW_CITY_WAR_LEAGUE 10565
DBS_CREATE_NEW_CITY_WAR_LEAGUE 10566
SDB_CHANGE_CITY_WAR_STATE 10567
SDB_CHANGE_CITY_WAR_PROCESS_TIME 10568
DBS_CHANGE_CITY_WAR_STATE 10569
SDB_UPDATE_CITY_WAR_INFO 10570
SDB_RESULT_CITY_WAR 10571
DBS_RESULT_CITY_WAR 10572
SDB_ADD_TAX 10573
SDB_EQUIPMENT_INHERITANCE 10574
DBS_EQUIPMENT_INHERITANCE 10575
SDB_OPEN_DUAL_OPTION 10576
DBS_OPEN_DUAL_OPTION 10577
SDB_CHANGE_DUAL_OPTION_IDX 10578
DBS_CHANGE_DUAL_OPTION_IDX 10579
SDB_UPDATE_ADDITIONAL_REWARD_RECV_COUNT 10580
DBS_UPDATE_ADDITIONAL_REWARD_RECV_COUNT 10581
SDB_LOAD_ADDITIONAL_REWARD_RECV_COUNT 10582
DBS_LOAD_ADDITIONAL_REWARD_RECV_COUNT 10583
SDB_UPDATE_EVENTSYSTEM_PROGRESS 10584
DBS_UPDATE_EVENTSYSTEM_PROGRESS 10585
SDB_ALCHEMY 10586
DBS_ALCHEMY 10587
SDB_CHANGE_EQUIPMENT_EXP 10588
DBS_CHANGE_EQUIPMENT_EXP 10589
SDB_UPDATE_USERAWAKENGRADE 10590
DBS_UPDATE_USERAWAKENGRADE 10591
CP_PING 19000
PC_PONG 19001
CP_REQUEST_LOGIN 19002
PC_REPLY_LOGIN 19003
CP_REQUEST_SERVER_LIST 19004
PC_REPLY_SERVER_LIST 19005
PA_PING 19200
AP_PONG 19201
AP_REGISTER 19202
PA_REGISTERED 19203
AP_REQUEST_ENTER_LOBBY 19204
PA_REPLY_ENTER_LOBBY 19205
C_CHECK_VERSION 19900
S_CHECK_VERSION 19901
S_BETTING_INFO 20026
C_CREATE_USER 20029
S_MASSTIGE_STATUS 20046
S_PREMIUM_COMPOSE_RESET 20053
S_USER_AIM 20089
C_UNBIND_ITEM 20101
C_SET_ITEM_STRING 20110
S_SEND_CHANGE_REPUTATION_POINT 20114
S_BATTLE_FIELD_END_OCCUPATION 20116
S_REQUEST_STYLE_SHOP_MARK_PRODUCTLIST 20157
S_NPC_STATUS 20165
S_LOGIN_ACCOUNT_INFO 20191
C_PUT_INTO_PRISON 20201
S_SHOW_TEMPER_WINDOW 20207
S_ASK_EXPAND_INVEN_SIZE 20211
S_POLITICS_POINT_STORE_BASKET 20221
S_DESPAWN_DOOR 20233
C_CANCEL_QUEST 20320
C_DUNGEON_WORK_POINT_STORE_BUY_DEL_BASKET 20333
S_STAGE_START 20439
S_COMPLETE_VOTE 20469
S_TRADE_BROKER_BUY_IT_NOW 20480
S_REMOVE_SOUND_BYNAME 20490
C_GROUP_DUEL_ADD_BETTING_ITEM 20513
S_DEFEND_SUCCESS 20539
S_ROUND_PVE_CLOSE_SKILL_UI 20550
S_CANNOT_START_SKILL 20601
S_REPLY_NONDB_ITEM_INFO 20608
C_PREMIUM_COMPOSE_CANCEL 20623
C_RQ_ADD_ITEM_TO_DECOMPOSITION_CONTRACT 20661
S_KUMAS_BOSS_CHANGE_INFO 20693
S_ASK_QUEST_SHARE 20733
S_DESPAWN_SHUTTLE 20735
S_DELETE_AWAKEN_CHANGE_DATA 20748
S_OP_COMMAND 20751
S_TRADE_BROKER_CALC_SOLD_ITEM 20766
S_QUEST_VILLAGER_INFO 20771
C_ENCHANT_BOOSTER_START 20800
S_CITY_WAR_NPC_KILL 20809
S_BOARD_ITEM_LIST 20822
S_LOAD_CLIENT_ACCOUNT_SETTING 20854
C_UPDATE_REACTION_POS 20877
C_MOUNT_VEHICLE_EX 20898
C_GROUP_DUEL_BETTING_MONEY 20907
C_ADMIN_CHECK_USERNAME 20940
C_LIST_CHANNEL 20957
S_FRIEND_LIST 20980
S_SWITCH_INFO 21008
S_ADD_AWAKEN_CHANGE_DATA 21014
C_VIEW_WARE 21030
C_VIEW_INTER_PARTY_MATCH_DUNGEON_LIST 21073
S_PARTY_MEMBER_CHARM_DEL 21103
C_PCBANGINVENTORY_USE_SLOT 21120
C_INGAME_CHANGE_USER_APPEARANCE_CANCEL 21134
C_COLLIDE_FLY_NPC 21139
C_ADD_FRIEND_GROUP 21148
C_ACCEPT_FRIEND 21156
C_REQUEST_SEREN_GUIDE 21170
S_BONFIRE_STATUS 21204
S_BOSS_GAGE_INFO 21284
S_LOGOUT_PARTY_MEMBER 21295
C_SAVE_CLIENT_ACCOUNT_SETTING 21313
C_SET_GUILD_JOIN_CONDITION 21354
C_ANSWER_BANNING_PARTY_MEMBER 21369
C_ADD_ITEM_TO_VM_SELL_BASKET 21384
C_REQUEST_WRITE_BOARD 21417
C_REQUEST_OPEN_DUAL_OPTION_MATERIAL_INFO 21418
S_PLAYER_CHANGE_UNION_SKILL_COUNT 21422
S_CHECK_TO_READY_PARTY_FIN 21430
S_END_PRODUCT_SALE_INFO 21453
S_PCBANGINVENTORY_DATALIST 21455
S_DUNGEON_CHANGE_NPC_ANIM 21463
S_RESET_CHARM_STATUS 21476
C_REGIST_CUSTOMIZING_PARTS_SHAPE_ITEM 21477
S_LORD_VOTE_CANDIDATE_LIST 21519
C_ADMIN_GM_SKILL 21526
C_GET_GUILD_WARE_HISTORY 21536
C_NPCGUILD_LIST 21578
S_RECEIVE_TOKEN_TARGET_ITEM 21582
S_UPDATE_KUMAS_BOSS_POS 21728
S_PREPARE_CHANGE_USER_APPEARANCE 21735
S_PLAY_MAGNETIC 21738
S_RP_START_SOCIAL_ON_PROGRESS_DECOMPOSITION 21741
C_VOTE_HISTORY 21745
S_SELECT_CHANNEL 21759
C_EXIT 21778
S_LORD_OPEN_VOTE_WINDOW 21810
S_SHOW_CANDIDATE_LIST 21831
S_INGAMESHOP_PRODUCT_SUBPROD 21846
C_SHOW_PARCEL_MESSAGE 21857
S_TRADE_BROKER_HISTORY_ITEM_LIST 21887
S_CITYWAR_WARNING_UNDERATTACK 21909
S_CREST_INFO 21942
S_START_INVERSE_CAPTURE 21975
S_USER_MOVETYPE 21983
C_PRECONFIRM_INVITE_CODE 22010
S_KNOCK_BACK 22011
S_MY_CONDITION 22075
S_FIN_WORLD_OF_TANK_BATTLE_FIELD 22116
S_FIX_VEHICLE_PROGRESS 22127
S_CANNON_BATTLE_FIELD_RESULT 22149
S_CREST_ASK_DISAPPLY_ALL 22181
S_CANCEL_RETURN_TO_LOBBY 22184
C_SET_RECIPE_BOOKMARK 22204
C_REQUEST_GUILD_WAR_PENALTY_INFO 22212
S_PETITION_COMPLETE 22270
S_PREMIUM_COMPOSE_UI_INFO 22285
C_UNMOUNT_VEHICLE_EX 22297
S_DARK_RIFT_AVAILABLE_QUEST_USER_COUNT 22351
C_DISMISS_PARTY 22352
C_REQUEST_TOKEN_TARGET_ITEM 22365
C_NOTIFY_SPIRIT_LOCATION_IN_ACTION 22401
S_END_PRODUCE 22460
S_BASE_POINT_BATTLE_FIELD_NODEPOINT_INFO 22476
C_COMPLETE_QUEST 22493
C_DEL_FROM_AWAKEN 22514
S_UPDATE_EVENT_SYSTEM 22522
S_ONGOING_HUNTING_EVENT_LIST 22541
S_DARK_RIFT_REWARD_RESULT 22550
S_USER_CHANGE_FACE_CUSTOM 22568
S_LEAVE_CITY_WAR 22588
S_LIST_PARCEL 22589
C_REQUEST_GUILD_INCENTIVE 22592
C_BATTLE_FIELD_REWARD 22600
S_UPDATE_CONTENTS_ON_OFF 22605
C_ADMIN_GMEVENT_NOTICE 22614
S_STR_EVALUATE_LIST 22663
S_TIMEOVER_CONTRACT 22673
C_ADMIN_VANISH_PET 22691
S_GMEVENT_ENTER_EVENT 22717
C_PREPARE_WORKOBJECT 22748
C_SHOW_ITEM_TOOLTIP 22805
S_TRADE_BROKER_CALC_BOUGHT_ITEM 22857
C_GET_USER_GUILD_LOGO 22915
S_VIEW_INTER_PARTY_MATCH_DUNGOEN_LIST 22922
S_TOTAL_GUILD_WAR_DATA 22947
S_DONE_TEL_CAMP 22960
S_PETITION_CHECK_CREATABLE 23015
S_MINIGAME_END 23043
S_SKILL_PERIOD 23065
C_ACCEPT_GUILD_WAR 23070
C_TRADE_BROKER_REGISTER_ITEM 23084
C_JOIN_GROUP_DUEL 23104
C_EVENT_MATCHING_DUNGEON_DETAIL_INFO 23110
S_ABNORMALITY_REFRESH 23112
S_START_CLIENT_CUSTOM_SKILL 23179
C_POLITICS_POINT_STORE_BUY_ADD_BASKET 23190
C_INVITE_USER_TO_GUILD 23199
S_NOTIFY_TO_FRIENDS_WALK_INTO_SAME_AREA 23254
C_CHECK_USERNAME 23271
C_START_ENCHANT 23298
S_QA_SET_ADMIN_LEVEL 23302
S_USER_APPEARANCE_CHANGE 23357
C_REQUEST_UPDATE_INTRODUCE 23404
S_RESPONSE_PONG 23410
S_RESULT_GROUP_DUEL_MSG 23421
S_PLAYER_CHANGE_MP 23429
C_REQUEST_USER_PAPERDOLL_INFO 23444
C_REQUEST_USABLE_GUILD_NAME 23450
S_BATTLE_FIELD_USER_OCCUPIABLE_ENTER 23464
C_REQUEST_EQUIPMENT_INHERITANCE 23485
C_REQUEST_VIP_SYSTEM_INFO 23491
C_EXTEND_PARTY 23523
S_SYSTEM_MESSAGE_LOOT_ITEM 23554
S_STEER_DEBUG_COMMAND 23570
C_CANCEL_RETURN_TO_LOBBY 23626
C_ADMIN_CHAT_BAN 23630
S_NPC_OCCUPIER_INFO 23635
C_MAIN_MENU_COMMAND 23655
C_GAMBLE_TRY 23661
S_UNICAST_TRANSFORM_DATA 23688
S_ITEM_EXPLOSION_RESULT 23693
C_CHANGE_ITEM_PASSIVE_LIST 23748
C_OPEN_GUILD_WAR_WINDOW 23753
S_UPDATE_GUILD_QUEST_STATUS 23763
C_PROMOTION_START 23783
S_COLLECTION_PICKSTART 23801
S_PETITION_CHECK_SURVEYABLE 23805
S_GUILD_MEMBER_LIST 23855
C_TRADE_BROKER_INPUT_PRICE 23882
C_REMOVE_BLOCKED_USER 23923
S_UPDATE_VM_SETTING_WINDOW 23986
C_CUSTOM_USER_CUSTOMIZING 23992
S_MINIGAME_FAIL 23996
S_KUMAS_BATTLE_FIELD_BOARD 24042
C_PET_USE_ORB 24056
S_PING 24069
C_CHAT_REPORT 24092
C_ANSWER_CODE_HASH 24099
S_PVP_LEADER_BOARD_INFO 24139
S_REPLY_REQUEST_CONTRACT 24145
S_TRADE_BAG_DONE 24157
S_PARTY_MEMBER_CHANGE_HP 24168
C_PETITION_CANCEL 24182
S_PARTY_MEMBER_ABNORMAL_DEL 24208
S_LORD_OPEN_CANDIDATE_WINDOW 24244
C_VISIT_NEW_SECTION 24269
S_GHOST 24282
S_START_COMMANDER_SKILL 24287
S_COMMAND_HELP 24329
C_CHANGE_SERVANT_NAME 24339
C_SERVER_TIME 24384
C_APPLY_GUILD 24397
S_COMBO_START 24402
S_BOSS_GAGE_STACK_INFO 24436
S_PLAY_EVENT_SOUND 24438
S_INSTANCE_ARROW 24448
C_PETITION_CHECK_CREATABLE 24473
S_FIELD_POINT_REWARD_INFO_LIST 24480
S_SYSTEM_MESSAGE_LOOT_SPECIAL_ITEM 24503
S_GUARD_PK_POLICY 24515
C_PET_REPAIR 24518
C_REMOVE_COLORING_POTION 24525
S_DISTRIBUTOR_DATA 24616
S_CONFIRM_INVITE_CODE_BUTTON 24649
C_LEAVE_PRIVATE_CHANNEL 24653
S_LORD_POLICY_SET 24760
C_LORD_TAX_SET 24779
S_WELCOME_PET_OWNER 24800
C_TRADE_BAG_CLOSE 24869
S_DESPAWN_STATUE 24902
C_DECOMPOSE_UNREGISTER_ITEM 24928
S_ENCHANT_BOOSTER_SUCCESS 24931
C_VIEW_GUILD_WAR 25000
C_DUNGEON_CLEAR_COUNT_LIST 25025
S_UPDATE_GUILD_MEMBER 25071
S_RESULT_EQUIPMENT_INHERITANCE 25078
C_PARTY_APPLICATION_DENIED 25083
C_SOCIAL 25098
C_START_VM_SELL 25104
S_OBTAIN_TOKEN_ITEM 25149
C_RIDE_PEGASUS 25173
S_MODIFY_INTER_PARTY_MATCH_POOL 25223
S_INIT_KUMAS_BOSS_INFO 25254
S_REQUEST_JOIN_GUILD_NOTICE 25294
C_REQUEST_REPAIR_ITEM 25306
S_QUEST_BALLOON 25330
C_CREATE_GROUP_DUEL 25332
S_GUILD_APPLY_LIST 25347
S_CITY_WAR_SEASON_HISTROY 25399
C_REQUEST_EVENT_MATCHING_TELEPORT 25418
S_RANK_MESSAGE 25424
C_GROUP_DUEL_BETTING 25431
C_DUNGEON_WORK_POINT_STORE_BUY_ADD_BASKET 25464
S_INTERACTION_RESULT 25465
S_END_LEVEL_COMPENSATION 25484
C_FLOATING_CASTLE_PARTS_STORE_BUY_ADD_BASKET 25493
S_RESULT_CHANGE_MY_PROFILE 25514
C_CANCEL_CONTRACT 25602
S_BREAK_SHIELD 25632
C_TRANSFER_VEHICLE_EX 25699
S_NOTIFY_GUILD_QUEST_URGENT 25720
S_NEED_WAREHOUSE_COMMISION 25758
C_PAY_WAREHOUSE_COMMISION 25898
C_DUNGEON_WORK_ENTER 25911
S_ADMIN_GMEVENT_STATUS 25939
S_RESPONSE_GAMESTAT_PONG 26075
S_INGAMESHOP_CATEGORY_BEGIN 26227
S_GUILD_STORE_SELL_LIST 26256
S_NOTIFY_DISCONNECT_BY_LEVEL_LIMIT 26264
S_COUNTDOWN_GROUP_DUEL 26295
S_ADMIN_NOTICE 26347
S_POLITICS_POINT_STORE_SELL_LIST 26362
S_CHANGE_PK_INFO 26380
C_POINT_STORE_COMMIT 26386
C_REQUEST_FINISH_GUILD_QUEST 26399
S_INGAMESHOP_CATEGORY_DATA 26446
S_ASK_BIDDING_RARE_ITEM 26493
S_PARTY_MEMBER_CHARM_ENABLE 26518
C_START_SKILL 26527
S_PREPARE_EXIT 26572
C_REQUEST_UPDATE_ANNOUNCE 26587
S_ADD_GUILD_GROUP 26588
S_WAITING_LIST 26699
S_VIEW_GUILD_WAR 26745
C_REQUEST_GUILD_LIST_SORT 26748
S_LOAD_SKILL_SCRIPT_LIST 26781
S_RETURN_TO_LOBBY 26785
S_TRADE_ACCEPT 26791
S_INVEN_CHANGEDSLOT 26813
S_DUNGEON_VEHICLE_REPAIRABLE 26819
S_START_LEVEL_COMPENSATION 26884
S_INVITE_FRIEND_CODE 26889
S_WATCHED_MOVIES 26913
S_SERVER_TIME 26990
C_REQUEST_INGAMESTORE_PRODUCT_DETAIL 27009
S_COUPON_NOTIFY 27029
C_RELEASE_FROM_PRISON 27045
C_DELIVERY_STORE_DEL_BASKET 27052
C_CANCEL_EXIT 27066
S_FAIL_GUILD_QUEST 27108
C_DIALOG 27110
C_POINT_STORE_BUY_DEL_BASKET 27120
S_ABNORMALITY_SCALE_UP 27123
S_CRYSTAL_COMBINE_RESULT 27131
S_BATTLE_FIELD_PARTY_MARKER 27133
S_DECREASE_COOLTIME_SKILL 27135
S_DARK_RIFT_SPAWN_WORLD_NOTI 27209
S_BATTLE_FIELD_POINT_STORE_SELL_LIST 27222
C_START_DRIVE_AIRSHIP 27225
S_ITEM_COLORING_BAG 27236
C_SLASH_COMMAND 27246
S_ADMIN_DELETE_QUEST 27253
S_ADMIN_CHECK_USERNAME 27271
C_RETURN_TO_LOBBY 27311
S_SPAWN_GAMBLE_BOX 27326
S_FLOATING_CASTLE_PARTS_STORE_SELL_LIST 27336
S_GUILD_WARE_HISTORY 27338
C_MOVE_INVEN_POS 27350
S_ROUND_PVE_BATTLE_FIELD_BOARD 27354
S_LEAVE_PARTY_MEMBER 27357
S_RESULT_USABLE_GUILD_NAME 27398
S_CHANGE_GUILDNAME 27400
S_CHAPTERHOUSE_QUEST_LIST 27439
C_GUILD_APPLY_LIST_PAGE 27449
C_ASK_HANCOIN_AMOUNT 27492
C_BANISH_GUILD_MEMBER 27532
S_PLAYTIME_EVENT_END 27628
S_INIT_ROUND_PVP_BATTLE_FIELD 27638
S_EVENT_MATCHING_BATTLEFIELD_DETAIL_INFO 27657
C_PREMIUM_COMPOSE_ADD_ITEM 27776
S_FATIGABILITY_POINT 27798
S_DUNGEON_CHANGE_NPC_ANIMSET 27814
C_REQUEST_GUILD_LIST_PAGE 27829
S_LOCKON_ARROW 27861
S_NPC_RESPAWN_PLAN_ALARM 27863
C_HARDWARE_INFO 27877
S_DELETE_AWAKEN_ENCHANT_DATA 27892
S_OPEN_FLOATING_CASTLE_STORE 27921
C_PK_DECLARE 27930
C_PREMIUM_COMPOSE_DEL_ITEM 27931
C_ADMIN_KILL_NPC 27954
C_REQUEST_NAME_PREEMPTION 27983
S_DARK_RIFT_CHANGE_AREA_WORLD_NOTI 28092
S_ABNORMALITY_FAIL 28164
S_CREATE_GUILD_RESULT 28223
S_TRADE_BROKER_REQUEST_DEAL_RESULT 28252
C_RESET_ALL_DUNGEON 28266
S_GET_ATTENDANCE_REWARD 28267
S_EMPTY_GUILD_WINDOW 28280
C_FLOATING_CASTLE_PARTS_STORE_COMMIT 28313
S_PROTECT 28316
S_SPAWN_PROJECTILE 28408
S_START_FISHING_MINIGAME 28419
S_PARTY_MEMBER_ABNORMAL_CLEAR 28424
S_MEDAL_STORE_BASKET 28431
C_GMEVENT_LEAVE_EVENT 28440
S_CREST_CHANGE_FAIL 28455
S_UNREGISTER_ENCHANT_ITEM 28477
S_CHECK_USERNAME 28489
C_CONFIRM_UPDATE_NOTIFICATION 28496
S_SKILL_TARGETING_AREA 28511
S_DESTROY_GUILD 28527
M_PDH_DATA 28547
S_REQUEST_INVITE_GUILD_TAG 28558
C_GUILD_APPLY_LIST 28576
C_REPLY_TELEPORT 28586
S_ITEM_IDENTIFY_RESULT 28629
C_GET_EVENT_DETAIL 28659
S_FINISH_GUILD_QUEST 28676
S_VIP_STORE_ITEM_LIST 28677
S_CREST_APPLY 28703
S_START_CUSTOMIZING_PARTS_SHAPE 28713
C_EQUIPMENT_ENCHANT_SCROLL_USE 28714
S_STAGE_RESULT 28728
C_REQUEST_RESET_EPPERK 28730
S_GAMBLE_BEGIN 28736
S_STRONGHOLD_OCCUPATION_BATTLE_FIELD_STRONGHOLD_INFO 28764
C_REQUEST_BATTLE_FIELD_PARTY_MARKER 28771
S_ENCHANT_BOOSTER_DROP_ITEM 28808
S_DEL_TRADE_BAG 28885
S_CHANGE_SERVANT_ENERGY 28893
S_BROADCAST_FLOATING_CASTLE_NAMEPLATE 28903
S_SPAWN_USER 28928
S_END_PEGASUS 28958
S_REQUEST_GUILD_FLAG_IMAGE_DATA 28963
S_COMPLETED_MISSION_INFO 29024
C_CHECK_TO_OPPOSITE_DECLARE_GUILD_WAR 29073
S_SPAWN_DROPITEM 29164
S_DUNGEON_ADDITIONAL_WORK_UI 29182
S_FIN_KUMAS_BATTLE_FIELD 29186
S_FISHING_CATCH_FAIL 29210
S_INGAME_CHANGE_USER_APPEARANCE_START 29231
S_PET_MANAGER_SHOW 29232
S_PARCEL_REPORT 29251
S_INGAMESHOP_PRODUCT_TAG 29254
C_PET_INCUBATOR_GET 29257
S_VM_SELL_BASKET_INFO 29259
C_SHOW_GUILD_QUEST_LIST 29265
C_LOGIN_WORLD 29293
S_UNICAST_FLOATING_CASTLE_INFO 29310
S_RELEASE_FROM_PRISON 29369
C_NOTIMELINE_SKILL 29403
S_REMOVE_GUILD_GROUP 29418
C_ADMIN_GMEVENT_OFF 29431
C_BATTLE_FIELD_POINT_STORE_COMMIT 29432
C_DIALOG_EVENT 29457
S_MEDAL_STORE_SELL_LIST 29491
C_TRADE_BROKER_HISTORY_ITEM_LIST_PAGE 29548
C_CITY_WAR_INFO_HISTROY 29566
S_ADD_CRYSTAL_COMBINE_MATERIAL 29578
S_CHECK_TO_READY_PARTY 29599
S_START_FIX_SPIRIT 29603
S_FREE_FIGHT_BATTLE_FIELD_MY_WARPOINT_INFO 29624
S_UPDATE_FRIENDSHIP_GAGE 29649
S_REGISTER_REPAIR_ITEM 29653
C_RQ_COMMIT_DECOMPOSITION_CONTRACT 29679
S_INTEREST_INFO 29709
S_PVE_LEADER_BOARD_INFO 29745
S_LORD_OPEN_REGISTER_WINDOW 29764
S_ACCOMPLISH_ACHIEVEMENT 29765
S_GUILD_APPLY_COUNT 29769
S_SNOW_EVENT_BATTLE_FIELD_RESULT 29771
S_UPDATE_STYLE_SHOP_MARK_PRODUCT 29773
S_SPAWN_ME 29811
S_DARK_RIFT_PROGRESS_STEP_WORLD_NOTI 29817
S_COMMIT_ACCESSORY_TRANSFORM_RESULT 29831
S_OPEN_CREST_WINDOW 29880
S_ADMIN_GET_USERINFO_PAPERDOLL 29971
C_END_CLIMBING 29972
C_FINDNAME 29973
C_CANCEL_PREPARE_CHANGE_USER_APPEARANCE 29986
S_RESET_GUILD_PERK 29991
S_SPAWN_BUILD_OBJECT 30049
S_USER_LOCATION 30055
S_BATTLE_FIELD_HELP 30158
S_START_FISHING_CHARGE 30177
C_RETURN_USER_GIFT 30181
S_COMPLETE_EVENT_MATCHING_QUEST 30189
C_REQUEST_CONTRACT 30210
C_START_CLIMBING 30212
C_CLOSE_VM 30219
S_NPC_CHANGE_MESH 30246
S_CHANGE_EP_EXP_DAILY_LIMIT 30247
S_ITEM_EXTRACT 30274
C_SETTLE_UP_SELL_VM 30286
S_GET_WARE_ITEM 30294
C_RECEIVE_PCBANG_STYLE_SHOP_ITEMS 30297
S_WORLD_OF_TANK_BATTLE_FIELD_BOARD 30317
C_LORD_REGISTER_INFO 30345
S_INVITE_CODE_EXPIRE_TIME 30375
C_TRY_ITEM_BIDDING 30398
S_RESPONSE_ACCESSORY_COST_INFO 30404
S_DUNGEON_GUIDE_OFF 30433
C_CANCEL_SKILL 30456
C_SET_POS 30463
C_EXPAND_INVEN_SIZE 30602
C_LEAVE_TELEPORTTERRITORY 30638
C_TRADE_BROKER_BUY_IT_NOW 30661
C_PLAY_EXECUTE_TEMPER 30747
C_DELETE_COUPON 30748
S_ROUND_START 30763
S_RP_ADD_ITEM_TO_DECOMPOSITION_CONTRACT 30794
S_AVAILABLE_SOCIAL_LIST 30809
C_USER_REPORT 30818
S_RP_UPDATE_ITEM_TO_DECOMPOSITION_CONTRACT 30827
S_HOLD_ABNORMALITY_ADD 30833
S_DEL_INTER_PARTY_MATCH_POOL 30866
C_BOT_CANDIDATE_INFO 30868
C_REQUEST_GUILD_FLAG_IMAGE_DATA 30877
C_CAN_LOCKON_TARGET 30921
S_VISIT_NEW_TEL_CAMP 30988
C_ADMIN_HOLD_CHARACTER 30999
S_FISHING_CATCH 31000
S_FIN_SNOW_EVENT_BATTLE_FIELD 31080
S_REQUEST_JOINED_CHANNEL_LIST 31101
S_NPC_SCALE 31109
C_DECOMPOSITION_ITEM 31119
C_SECOND_PASSWORD_REGISTER 31174
S_DUNGEON_COOL_TIME_LIST 31185
S_MERGE_PARTY_TO_RAID 31189
C_REQUEST_CANDIDATE_LIST 31195
C_STORE_SELL_ADD_BASKET 31211
S_OPEN_BOARD 31223
S_CHECK_TO_DECLARE_GUILD_WAR 31250
S_FIELD_EVENT_CHANNEL_FULL_GUIDE 31280
C_EQUIP_ITEM_SET 31302
C_CHANGE_FRIEND_MEMO 31314
S_SHOW_NPC_TO_MAP 31378
S_DECOMPOSITION_ITEM_RESULT 31392
S_PARTY_MEMBER_QUEST_DATA 31411
S_SKILL_LEARN_RESULT 31417
S_PLAYER_CHANGE_STAMINA 31434
C_UPDATE_GUILD_FLAG 31467
C_PURCHASE_PROD 31474
C_CHANGE_GROUP_DUEL_SETTING 31480
C_BAN_FROM_GROUP_DUEL 31507
S_UNICAST_FLOATING_CASTLE_NAMEPLATE 31527
S_EXIT 31564
C_REQUEST_ROUND_PVE_SKILL_LIST 31625
C_REUQUEST_JOINED_CHANNEL_LIST 31656
S_SHOW_REVIVE_UI 31681
S_UPDATE_USER_AWAKEN_GRADE 31689
S_REQUEST_PRIVATE_CHANNEL_INFO 31699
S_DUNGEON_EVENT_GAGE 31704
C_SUGGEST_DARK_RIFT_PARTY_MATCHING 31726
C_REQUEST_GUILD_INFO 31735
S_AERO 31777
S_VIEW_PARTY_INVITE 31894
S_OPEN_CITY_WAR_SEASON_HISTORY 31900
C_EXTRACT_UNREGISTER_ITEM 31911
C_REQUEST_FLOATING_CASTLE_PARTS_COOL_TIME 31955
C_TRADE_BROKER_CALC_BOUGHT_ITEM 31985
S_GMEVENT_END_EVENT 32004
C_ADMIN_CHECK_USERNAME_WITH_GAMEID 32018
S_AVAILABLE_EVENT_MATCHING_LIST 32022
S_SPAWN_DARK_RIFT_CLOUD 32051
C_PREVIEW_ITEM 32135
S_MOUNT_VEHICLE_EX 32141
C_SET_GUILDGROUP_AUTHORITY 32145
C_SKILL_LEARN_LIST 32156
C_REQUEST_COUPON_LIST 32171
S_REQUEST_FLOATING_CASTLE_PARTS_COOL_TIME 32172
C_ADD_TO_TEMPER_MATERIAL_EX 32194
C_TRADE_BROKER_WAITING_ITEM_LIST_NEW 32198
S_DESPAWN_EGG 32236
C_REQUEST_GUILD_LIST 32247
S_INGAMESHOP_PRODUCT_DATA 32273
S_ADD_AWAKEN_ENCHANT_DATA 32319
C_DECLARE_GUILD_WAR 32338
S_CANNON_BATTLE_FIELD_CRASH_DOOR 32350
S_CHANGE_FRIEND_STATE 32366
C_GET_GUILD_HISTORY 32409
C_REVIVE_NOW 32502
S_BATTLE_FIELD_JACKPOT_EVENT_START 32639
C_BATTLE_FIELD_POINT_STORE_BUY_DEL_BASKET 32643
C_DESPAWN_BUILD_OBJECT 32649
C_UNREGISTER_VM_BUY_ITEM 32653
C_USER_AIM_TO 32659
C_CHANGE_LOOKS_PREMIUM_TRY 32663
S_ADMIN_GET_USER_INFO_BY_DBID 32666
S_DUNGEON_RANK_RECORD_LIST 32685
C_CREST_DISAPPLY_ALL 32704
C_GET_USER_LIST 32769
S_SHOW_PARTY_MATCH_INFO 32774
S_END_CHANGE_USER_APPEARANCE 32779
C_ADMIN_REQUEST_USERACTION 32804
S_ITEMSYNTHESIZER_RESULT 32807
C_UNREGISTER_EVOLUTION_ITEM 32826
C_EXECUTE_AWAKEN 32830
S_LORD_GUARD_INFO 32865
S_RESULT_CHANGE_CHARACTER_NAME 32893
S_REPLY_GUILD_WANTED_WRITING_LIST 32974
C_QUERY_COIN 33003
S_POST_PROCESS 33014
C_REQUEST_MISSION_QUEST_TELEPORT 33017
S_IS_NOT_LORD 33055
C_SELECT_EVENT_MATCHING 33060
S_VOTE_RESET_ALL_DUNGEON 33062
C_BUY_INGAMESTORE_TCATPRODUCT 33065
S_EACH_SKILL_RESULT 33079
C_CANCEL_FIX_SPIRIT 33123
S_START_STACK_ATTENDANCE_EVENT_INFO 33136
S_COUPON_DATA 33162
S_START_ACTION_SCRIPT 33185
C_DESTROY_GUILD 33235
C_REQUEST_CANCEL_GUILD_QUEST 33337
C_ADD_ITEM_TO_VM_BUY_BASKET 33390
C_PROMOTION_CANCEL 33428
S_FISHING_STOP 33431
C_PET_ORB_ATTACH 33439
S_BATTLE_FIELD_NODEPOINT_GAUGE_INFO 33453
S_END_GUILD_WAR 33477
S_SELECT_EVENT_MATCHING 33508
S_END_RESTORE_CUSTOMIZING_PARTS_SHAPE 33526
S_AIR_REACTION_END 33531
C_BAN_PARTY_MEMBER 33556
C_REPLY_INTER_PARTY_MAKE 33599
S_FAIL_ENCHANT 33604
C_PARTY_LOOTING_METHOD 33639
C_START_FIX_VEHICLE 33674
C_EQUIP_ITEM 33688
S_KUMAS_BATTLE_FIELD_RESULT 33738
S_SNOW_EVENT_BATTLE_FIELD_SPAWN_USER 33833
C_RQ_START_SOCIAL_ON_PROGRESS_DECOMPOSITION 33903
C_REQUEST_DUNGEON_WORK_LIST 33904
C_REQUEST_PARTY_MATCH_INFO_PAGE 33919
C_GAMBLE_GO 33953
C_TRY_LOOT_DROPITEM 33962
S_CANCEL_VOTE_RESET_ALL_DUNGEON 33972
C_SECOND_PASSWORD_AUTH 34001
S_FREE_FIGHT_BATTLE_FIELD_BOARD 34010
S_SET_AWESOMIUM_WEB_URL 34013
S_ASK_INTER_PARTY_MAKE 34088
S_FIN_ROUND_PVP_BATTLE_FIELD 34124
C_LORD_GUARD_INFO 34128
S_ARENA_RESULT 34272
S_PARTY_MATCH_LINK 34278
C_SET_SEND_PARCEL_TYPE 34288
S_TRADE_BAG_CLOSE 34290
C_ENTER_SCENARIO_DUNGEON 34328
C_COMMIT_FACE_BONE_DATA 34330
S_RESET_SKILL 34377
S_VILLAGER_POPUP_DIALOG 34439
S_SET_KUMAS_BATTLE_FIELD_TREASURE_SCORE 34455
C_TRADE_BROKER_BOUGHT_ITEM_LIST 34513
S_LOAD_CLIENT_USER_SETTING 34526
S_LOAD_HINT 34556
S_END_USER_PROJECTILE 34597
C_TRADE_BROKER_HIGHEST_ITEM_LEVEL 34622
S_GAMBLE_RESULT 34639
C_START_VM_BUY 34730
S_UPDATE_FRIEND_INFO 34736
S_SPAWN_COLLECTION 34805
S_KUMAS_BOSS_BATTLE_FIELD_RESULT 34813
C_START_FISHING_MINIGAME 34817
S_ELEMENT_POINT 34836
C_BETTING_TRY 34885
S_TRADE_BROKER_REGISTERED_ITEM_LIST 34912
C_GUILD_STORE_BUY_ADD_BASKET 34914
C_REGISTER_PARTY_INFO 34960
C_ADMIN_GMEVENT_USER_KICK 34964
S_INIT_WORLD_OF_TANK_BATTLE_FIELD 34990
S_GACHA_END 34992
S_BATTLE_FIELD_CHAT_BAN_INFO 35024
C_MAKE_ITEM_DEPRECATED 35042
S_OTHER_USER_APPLY_PARTY 35045
C_BROADCAST_CLIMBING 35052
S_BATTLE_FIELD_ADD_SCORE 35067
C_REMOVE_ITEM_FROM_VM_BUY_BASKET 35098
S_GACHA_START 35261
S_DUNGEON_RANK_SEASON_LIST 35273
C_USE_COUPON 35294
C_SHOW_STYLE 35317
S_RANK_POINT_STATUS 35330
S_USER_PVP_RANKING 35402
S_SEND_VIP_SYSTEM_INFO 35413
S_UPDATE_ACHIEVEMENT_PROGRESS 35436
S_CLEAR_QUEST_INFO 35439
S_GMEVENT_START_EVENT 35446
C_ADMIN_GMEVENT_USER_SUMMON 35452
C_MERGE_PARTY_TO_RAID 35457
S_ABNORMALITY_BEGIN 35478
C_GROUP_DUEL_CHANGE_REPRESENT 35542
S_SHOW_GAGE 35574
S_MY_DESCRIPTION 35589
S_EXTRACT_REGISTERED_ITEM 35622
S_DARK_RIFT_DESPAWN_WORLD_NOTI 35636
C_PET_UNEQUIP 35645
S_CURRENT_CHANNEL 35702
S_SPAWN_TARGET_OBJECT 35708
C_VIEW_BATTLE_FIELD_RESULT 35728
C_END_FISHING_MINIGAME 35731
S_BATTLE_FIELD_USER_KILL_EVENT 35735
S_CHANGE_LOOKS_PREMIUM_RESULT 35771
C_SHOW_TRADE_LOG 35772
S_PET_INCUBATOR_PROGRESS 35820
S_SET_GUILD_JOIN_CONDITION 35823
C_CHECK_TO_READY_PARTY 35824
C_REQUEST_DEMOLISH_GUILD_TOWER 35840
S_ADMIN_CUSTOM_BOOKMARK_LIST 35854
C_CHECK_CHANGE_GUILDNAME 35859
S_CHANGE_ITEM_PASSIVE_LIST 35888
S_ASK_BANNING_PARTY_MEMBER 35949
C_SEND_PARCEL 35956
S_COMPLETE_LOOP_QUEST 35970
S_NPC_PARTIAL_DESTRUCT 36010
S_PARTY_MEMBER_CHARM_RESET 36108
C_ENCHANTER_USE 36163
C_AVAILABLE_EVENT_MATCHING_LIST 36184
C_LORD_CANDIDATE_LIST 36224
S_COLLECTION_PICKEND 36242
S_SEND_PARCEL 36243
S_INIT_SNOW_EVENT_BATTLE_FIELD 36256
S_RESULT_ITEM_BIDDING 36291
S_PLAYER_VEHICLE_EX_STAT_UPDATE 36301
C_ACCEPT_CONTRACT 36326
C_LORD_CHANGE_GREETINGS 36345
S_EVENT_QUEST_SUMMARY 36366
C_KICK_CHANNEL_MEMBER 36370
S_GAMBLE_CHANGE_BET_ITEM 36385
S_REWRITE_ITEM_STRING 36391
S_BATTLE_FIELD_MAP_ALARM 36407
S_DESPAWN_PROJECTILE 36418
C_SIMPLE_TIP_DONT_REPEAT 36434
C_CURRENT_CHANNEL 36439
S_CANCEL_VOTE_DISMISS_PARTY 36452
C_COMPLETE_EXTRA_EVENT 36469
S_CHANGE_SERVANT_NAME 36477
C_ADMIN_GM_TELEPORT 36535
S_REQUEST_COOLTIME_TO_JOIN_GUILD 36562
S_SPAWN_EGG 36594
S_TAX_INFO 36657
S_PARTY_MEMBER_CHANGE_MP 36713
S_GUILD_PERK_LIST 36726
C_END_CUSTOMIZING_PARTS_SHAPE 36733
C_REQUEST_MY_PARTY_MATCH_INFO 36750
S_INSTANT_MOVE 36758
S_PARTY_MEMBER_STAT_UPDATE 36774
S_PET_DURABILITY_CHANGE 36816
S_FIN_ROUND_PVE_BATTLE_FIELD 36818
S_NOCTAN_VARIATION_INFO 36841
C_UNREGIST_CUSTOMIZING_PARTS_SHAPE_ITEM 36851
C_EDIT_PRIVATE_CHANNEL 36875
S_VOTE_HISTORY 36877
S_DUNGEON_NEWBIE 36903
C_LORD_RANK_INFO 36916
C_GET_OUT_SHUTTLE 36940
S_START_DRIVE_AIRSHIP 36962
S_DUNGEON_EVENT_MESSAGE 36964
S_USER_DEATH 36978
C_GACHA_TRY 36985
S_SKILL_LIST 36987
C_PETITION_CHAT_USER_MESSAGE 37018
S_END_FIX_VEHICLE 37058
S_CHANGE_PARTY_MANAGER 37112
S_WORK_WORKOBJECT 37150
S_ADMIN_GET_USERINFO_QUEST 37203
S_RP_COMMIT_DECOMPOSITION_CONTRACT 37213
S_REQUEST_CITY_WAR_MAP_INFO 37220
S_LOGIN 37221
C_REQUEST_PLAYTIME 37248
S_DUEL_TAG 37253
S_PK_POINT 37264
S_VIEW_VM_SETTING_WINDOW 37266
S_DELETE_QUEST 37285
C_MAKE_MONEY_DEPRECATED 37337
S_DESPAWN_DROPITEM 37342
C_REQUEST_ONGOING_FIELD_EVENT_LIST 37354
C_PET_INCUBATOR_PUT 37375
S_NOTIFY_BATTLE_FIELD_NPC_SPAWN 37392
C_BATTLE_FIELD_POINT_STORE_BUY_ADD_BASKET 37399
S_PARTY_MEMBER_CHARM_ADD 37419
C_REQUEST_TOTAL_GUILD_WAR_DATA 37445
C_HIT_USER_PROJECTILE 37450
S_LOAD_TELEPORT_TO_POS_LIST 37459
C_DEL_CRYSTAL_COMBINE_MATERIAL 37467
S_DARK_RIFT_ALL_DESPAWN_WORLD_NOTI 37490
C_ADMIN_REMOVE_NPC 37544
S_WORLD_QUEST_VILLAGER_INFO 37588
S_POINT_STORE_SELL_LIST 37590
S_SHOW_PEGASUS_MAP 37613
S_ANNOUNCE_MESSAGE 37621
S_FIX_SPIRIT_PROGRESS 37679
S_BATTLE_FIELD_STRONGHOLD_EVENT 37697
S_CANT_FLY_ANYMORE 37704
S_ANSWER_INTERACTIVE 37715
S_FAIL_LOOT_NON_OWNERSHIP 37723
C_RECOMMEND_USER_GUILD 37766
C_COMPLETE_DAILY_EVENT 37772
C_GET_IN_SHUTTLE 37776
C_CHANGE_GUILDNAME 37816
C_CHECK_TO_READY_PARTY_ANSWER 37817
S_VOTE_DISMISS_PARTY 37821
S_REQUEST_INGAMESTORE_SALE_PRODUCTLIST 37846
S_SELECT_USER 37881
C_GUILD_STORE_BUY_DEL_BASKET 37988
S_SECOND_PASSWORD_REGISTER_RESULT 38031
C_PETITION_COMPLETE_CONFIRM 38116
C_REQUEST_LEARN_GUILD_PERK 38142
S_FIN_INTER_PARTY_MATCH 38189
S_COMBATLOG_CURRENT_AGGRO_LIST 38238
S_HUDDLE_ADDING 38313
S_RESTORE_CUSTOMIZING_PARTS_SHAPE 38345
C_NOTIFY_LOCATION_IN_REACTION 38365
S_OPEN_GUILD_LOGO_WINDOW 38407
C_REQUEST_BATTLE_FIELD_CHAT_BAN 38484
C_DELETE_FRIEND_GROUP 38510
C_ADMIN_GET_USER_INFO_LIST_BY_DISTANCE 38532
C_COMMIT_ACCESSORY_TRANSFORM 38557
C_DUNGEON_UI_OPENED 38559
S_CANNOT_EQUIP_SAMEKIND 38567
S_INIT_CANNON_BATTLE_FIELD 38592
S_END_DARKRIFT_USER_HP 38595
S_GUILD_ANNOUNCE 38600
S_CLIENT_COMMAND 38609
S_STORE_COMMIT 38615
S_ROUND_PVP_BATTLE_FIELD_RESULT 38624
S_PREPARE_RETURN_TO_LOBBY 38633
S_ARENA_END_FIGHT 38648
S_CANCEL_PARTY_LOOTING_METHOD_VOTE 38657
C_CONFIRM_EVENT_SYSTEM 38669
S_FIELD_EVENT_COMBO 38729
S_FIELD_EVENT_PROGRESS_INFO 38738
C_POLITICS_POINT_STORE_COMMIT 38745
S_BATTLE_FIELD_USER_LOAD_INFO 38802
S_USER_WEAPON_APPEARANCE_CHANGE 38809
C_SELECT_CHANNEL 38815
S_PK_READY 38832
S_PRODUCE_CRITICAL 38833
C_PARCEL_REPORT 38837
S_REQUEST_SECOND_PASSWORD_AUTH 38858
C_BLOCK_USER 38879
C_GET_AOI_INFO 38896
S_CHECK_EXTRACT 38900
C_REGISTER_VM_BUY_ITEM 38903
S_SPAWN_STATUE 38927
S_LORD_TAX_SET 38973
C_TRADE_BROKER_HISTORY_ITEM_LIST_SORT 38980
S_BROCAST_UPDATE_GUILD_FLAG 39040
S_GUILD_EMBLEM 39045
S_DUNGEON_RANK_MESSAGE 39052
C_ADMIN_REQUEST_USERINFO 39061
C_OPPOSITE_DECLARE_GUILD_WAR 39096
S_USER_ITEM_EQUIP_CHANGER 39099
S_INIT_ROUND_PVE_BATTLE_FIELD 39113
C_LOAD_TOPO_FIN 39116
S_CHANGE_LOOT_ITEM_AMOUNT 39162
S_SET_SEND_PARCEL_MONEY 39203
S_PLAYER_CHANGE_EXP 39205
S_PRIVATE_CHANNEL_NOTICE 39223
C_GUARD_PK_POLICY 39224
S_WHISPER 39228
S_PARTY_MEMBER_INTERVAL_POS_UPDATE 39291
S_CREATURE_CHANGE_HP 39315
S_CHANGE_FRIEND_PROFILE 39321
S_UNMOUNT_VEHICLE 39326
C_REQUEST_INVITE_GUILD_LIST_PAGE 39333
C_REQUEST_STACK_ATTENDANCE_EVENT_INFO_UPDATE 39345
S_DUNGEON_CONSOLE_EVENT 39415
C_CHANGE_USER_LOBBY_SLOT_ID 39462
C_REQUEST_ENCHANT 39478
C_DEL_FROM_TEMPER_MATERIAL 39480
C_END_STYLE_SHOP 39511
S_ENTER_DUNGEON_POP_UP_REOPEN 39518
S_FEARMOVE_END 39551
S_NPC_INTERACTION_COMBO_INFO 39610
S_BATTLE_FIELD_USER_KILL_MESSAGE 39645
S_TRADE_BROKER_CALC_NOTIFY 39690
C_PARTY_MARKER 39736
C_WITHDRAW_GUILD_WAR 39747
C_CRYSTAL_COMBINE_EXECUTE 39832
S_RESULT_RENAME_GUILD 39882
C_SHARE_USER_PING 39933
S_CURRENT_ELECTION_STATE 39961
S_ROUND_PVE_SKILL_INVOKE 39980
S_CHANGE_PARTY_MEMBER_AUTHORITY 40017
C_ITEMSYNTHESIZER_REQUEST_MATERIAL 40025
C_USER_AIM 40047
S_BROADCAST_FLOATING_CASTLE_INFO 40069
C_DELIVERY_STORE_COMMIT 40079
C_CANCEL_DELETE_USER 40114
S_ARTISAN_RECIPE_LIST 40115
C_REQUEST_GUILD_MEMBER_LIST 40118
S_END_THROUGH_ARBITER_CONTRACT 40128
C_GAMBLE_STOP 40136
C_REQUEST_USER_PAPERDOLL_INFO_WITH_GAMEID 40146
C_ENTER_DUNGEON 40175
S_UPDATE_KUMAS_BATTLE_FIELD_TREASURE_INFO 40186
S_EP_SYSTEM_DAILY_EVENT_EXP_ON_OFF 40191
S_REQUEST_CHANGE_PARTY_MATCH_RULE 40201
S_MOVE_DISTANCE_DELTA 40223
S_PLAYER_CHANGE_ALL_PROF 40240
C_SHOW_QUEST_INFO_DIALOG 40254
S_DELETE_COUPON 40263
C_REQUEST_FLY_MOVE_INFO 40268
S_BATTLE_FIELD_CHANGE_NPC_HP_EVENT 40280
S_HIT_COMBO 40302
C_REGISTER_VM_SELL_ITEM 40355
C_INGAME_CHANGE_USER_APPEARANCE_TRY 40372
C_TRADE_BROKER_REJECT_SUGGEST 40403
C_CHANGE_USER_NAME 40408
S_CUSTOM_MESSAGE 40410
S_ADMIN_DEFAULT_BOOKMARK_LIST 40429
C_COMMIT_INGAME_CHANGE_USER_APPEARANCE 40432
S_PLAYER_STAT_UPDATE 40437
S_STOP_VM 40466
C_REQUEST_COOLTIME_TO_JOIN_GUILD 40522
C_PROMOTION_INFO 40614
S_PLAYER_CHANGE_PROF 40618
S_ITEM_CUSTOM_STRING 40633
S_GMEVENT_OX_QUIZ_USER_STATUS 40653
S_UPDATE_VM_STATUS 40669
S_SIMPLE_TIP_REPEAT_CHECK 40700
C_UNREGISTER_VM_SELL_ITEM 40709
S_GUILD_TOWER_INFO 40712
S_BONFIRE_CHARM_ADDED 40777
S_PLAYTIME_EVENT_REWARD_DATA 40794
S_ADMIN_GET_USER_INFO_LIST_BY_DISTANCE 40849
C_GAMBLE_CHANGE_BET_ITEM 40868
C_REQUEST_BOSS_GAGE_INFO 40908
C_SKILL_LEARN_REQUEST 40911
S_INIT_KUMAS_BOSS_BATTLE_FIELD 40991
C_UPDATE_GUILD_TITLE 40993
S_END_CUSTOMIZING_PARTS_SHAPE 41020
S_BEGIN_THROUGH_ARBITER_CONTRACT 41070
S_COMBATLOG_COMBAT_ENGAGED_MONSTER_LIST 41086
C_START_INSTANCE_SKILL_EX 41110
C_UNEQUIP_ITEM 41125
C_REMOVE_GUILDGROUP 41173
S_CUSTOM_STYLE_SYSTEM_MESSAGE 41203
C_GMEVENT_OX_REPE_QUIZ_ANSWER 41208
S_F2P_PremiumUser_Permission 41209
S_COMBATLOG_START 41224
S_START_CHANGE_USER_APPEARANCE 41226
C_DECOMPOSE_REGISTER_ITEM 41256
S_TERRITORY_STEP_LEAVE 41290
C_REQUEST_PARTY_INFO 41291
S_VIEW_WARE_EX 41309
C_START_INSTANCE_SKILL 41317
C_STORE_SELL_DEL_BASKET 41424
S_END_STACK_ATTENDANCE_EVENT_INFO 41425
S_BATTLE_FIELD_USER_ASSIST_EVENT 41459
S_CHANGE_EVENT_MATCHING_STATE 41503
C_CLOSE_SEND_PARCEL 41519
S_SHOW_USER_EP_INFO 41538
C_PONG 41559
S_BAN_PARTY 41568
S_COUPON_LIST 41576
C_REQUEST_GUILD_PERK_LIST 41584
S_OPEN_DUAL_OPTION_MATERIAL_INFO 41611
S_REMOVE_GUILD_MEMBER 41615
S_USER_EFFECT 41655
C_BIND_ITEM_EXECUTE 41701
C_SAVE_CHAT_SETTING 41747
S_GMEVENT_OX_REPE_QUIZ_RESULT 41807
S_CITY_WAR_NPC_INFO 41816
S_PET_STOP_ALERT 41871
S_PLAYER_CUSTOM_ITEM_SLOT 41878
S_ADD_INTER_PARTY_MATCH_POOL 41925
S_NPC_TARGET_USER 41927
S_BOSS_BATTLE_INFO 41951
S_UNBIND_ITEM_RESULT 41963
S_INSTANT_DASH 41966
S_SOCIAL_CANCEL 41993
C_REQUEST_CHANGE_PARTY_MATCH_RULE 42035
S_BATTLE_FIELD_CANCEL_OCCUPATION 42060
S_DUNGEON_VISIBLE_BG 42072
S_DIRECTION_WEAKNESS_END 42127
S_APPLY_TITLE 42159
S_WORLD_OF_TANK_BATTLE_FIELD_RESULT 42165
S_CHECK_CHANGE_GUILDNAME 42220
S_DUNGEON_WORK_UPDATE 42240
C_TELEPORT_DARK_RIFT 42244
S_PENDING_TRANSFORM_DATA 42255
C_DELETE_USER 42309
S_GUILD_ACCOUNT_LIMIT_INFO_CHANGED 42351
S_START_CLIMBING 42354
S_FEARMOVE_STAGE 42417
S_VIEW_WARE 42458
S_INIT_STRONGHOLD_OCCUPATION_BATTLE_FIELD 42481
S_PETITION_CREATE 42484
S_CHANGE_RELATION 42498
S_RESULT_CHANGE_FRIEND_MEMO 42524
S_DESPAWN_GAMBLE_BOX 42568
C_ADMIN_WARNING_MESSAGE 42624
S_FIX_VEHICLE_COMPLETE 42658
S_PARTY_MEMBER_LIST 42665
S_ACCOUNT_BENEFIT_LIST 42670
S_DEL_CRYSTAL_COMBINE_MATERIAL 42672
S_UNREGISTER_REPAIR_ITEM 42703
C_ENTER_BATTLE_FIELD 42711
S_INGAMESHOP_PRODUCT_END 42724
C_REQUEST_FIELD_POINT_REWARD 42755
S_PET_INCUBATOR_SHOW 42760
C_MEDAL_STORE_BUY_DEL_BASKET 42762
C_REQUEST_SHARE_QUEST 42764
S_FIELD_EVENT_ON_LEAVE 42789
S_UPDATE_QUEST 42829
S_LIST_CHANNEL 42838
S_NPC_AI_EVENT 42870
S_DUNGEON_WORK_POINT_STORE_BASKET 42877
S_REQUEST_CITY_WAR_MAP_INFO_END 42920
S_PET_INFO_CHANGE 42949
C_COMBATLOG_USER_INFO_RESET 42970
S_AWESOMIUM_DEBUG_MODE 43002
C_SHOW_PETMANAGER 43078
C_SETTLE_UP_BUY_VM 43088
S_CAN_DUNGEON_RETRY 43129
S_TRADE_MESSAGE 43144
S_SPAWN_EVENT_SEED 43163
S_START_VM_SELL 43213
S_PVP_RANKING_LIST 43237
S_DARK_RIFT_CLEAR_MAP_MARKER_WORLD_NOTI 43243
S_DARK_RIFT_DEFENCE_OBJECT_CHANGE_HP 43252
C_APPLY_TITLE 43272
S_READY_PULL 43283
S_USER_LOCATION_IN_ACTION 43342
C_END_RESTORE_CUSTOMIZING_PARTS_SHAPE 43356
C_LORD_VOTE 43412
C_ADD_TELEPORT_TO_POS_LIST 43422
S_DESPAWN_NPC 43432
S_DELETE_USER 43450
C_DUNGEON_WORK_POINT_STORE_COMMIT 43456
C_VIEW_BATTLEFIELD_STORE 43459
C_LORD_CALC_TAX 43469
S_SYNC_PEGASUS_TIME 43473
C_COLLECTION_PICKSTART 43483
S_BUY_INGAMESTORE_MONEYPRODUCT 43490
C_COMMIT_CHANGE_USER_APPEARANCE 43494
S_UNEQUIP_ITEM 43538
S_PET_ATTACKED 43546
C_RESPONSE_SPAWN_DROPITEM 43572
S_DUNGEON_WORK_LIST 43611
S_CURR_FLY_MOVE_INFO 43631
S_ABNORMALITY_DAMAGE_ABSORB 43718
S_USER_CHANGE_NAME 43719
S_CANCEL_CONTRACT 43737
C_RQ_DEL_ITEM_FROM_DECOMPOSITION_CONTRACT 43787
S_OPEN_VM_SETTING_WINDOW 43821
S_PREPARE_WORKOBJECT 43837
C_WATCHED_MOVIES 43866
S_RP_DEL_ITEM_FROM_DECOMPOSITION_CONTRACT 43871
S_REPLY_INVITE_GUILD_LIST 43880
S_GMEVENT_RECV_REWARD 43885
S_PK_DECLARE 43957
C_END_MOVIE 43986
S_POST_PROCESS_MATERIAL 44051
S_REQUEST_DUNGEON_MATCHING_UI 44062
S_SNOW_EVENT_BATTLE_FIELD_BOARD 44090
S_SHARE_USER_PING 44097
S_PLAY_SOUND_BYNAME 44117
S_DUEL_START 44118
C_EVENT_MATCHING_BATTLEFIELD_DETAIL_INFO 44125
S_CANCEL_EXIT 44130
S_RESULT_LEARN_GUILD_PERK 44134
C_PLAYER_LOCATION 44140
S_BOSS_GAGE_PRIORITY 44150
S_PUT_WARE_ITEM 44167
S_MAIN_MENU_COMMAND 44200
C_PET_INCUBATOR_TAKEALL 44209
S_ADMIN_GET_USERINFO_WAREHOUSE 44257
S_CHECK_NEW_GUILDNAME 44288
C_REQUEST_EVOLUTION 44298
S_SYSTEM_REWARD_MESSAGE 44308
S_RIGHT_ITEM_LIST 44309
S_INGAMESHOP_PRODUCT_BEGIN 44337
C_CITY_WAR_SEASON_HISTROY 44346
S_SKILL_CHASE_EFFECT_TARGET 44381
S_STICK_TO_USER_START 44410
S_DESPAWN_BONFIRE 44423
C_PARCEL_READ_RECV_STATUS 44429
S_ADMIN_WARNING_MESSAGE 44438
C_USE_ITEM 44448
C_PLAY_TIME 44476
S_VOTE_TO_DUNGEON_MENTO 44523
C_SERVANT_ABILITY 44555
C_DEL_TRADE_BAG 44675
C_LEAVE_GUILD 44676
C_CHANGE_GUILDGROUP 44695
S_SPAWN_SHUTTLE 44722
S_BETTING_START 44733
C_ADMIN_REQUEST_CHAT_BAN 44758
S_RESULT_ENCHANT 44790
C_DELETE_TELEPORT_TO_POS_LIST 44793
S_LOCKON_YOU 44795
S_CAMERA_SHAKE 44847
C_REQUEST_DICE_THROW 44876
S_ARENA_FIGHT_ABNORMALITY_BEGIN 44921
C_UNREGISTER_ENCHANT_ITEM 44931
S_TUTORIAL_PLAY_FINISHED 44933
S_BATTLE_FIELD_STATE 44936
S_GET_IN_SHUTTLE 44971
C_REQUEST_PRIVATE_CHANNEL_INFO 44976
S_GROUP_NPC_LOCATION 44982
C_TELEPORT_TO_VILLAGE 44988
S_SET_WORKOBJECT 45014
C_START_COMMANDER_SKILL 45028
S_NPC_PART_BLINK 45057
S_UNREGISTER_EVOLUTION_ITEM 45061
S_BATTLE_FIELD_START_OCCUPATION 45080
S_RESET_ALL_PRODUCT_MARK_EVENT 45091
C_DISTRIBUTOR_ANSWER 45095
C_REQUEST_MEGAPHONE 45162
S_BATTLE_FIELD_RESULT 45174
S_ROUND_RESULT 45240
S_PREMIUM_COMPOSE_DEL_ITEM 45282
C_REQUEST_NONDB_ITEM_INFO 45290
S_ARENA_FIGHT_ABNORMALITY_END 45304
S_DUNGEON_JACKPOT_EVENT_START 45312
S_CHANGE_NAME_STRING 45419
C_ANS_QUEST_SHARE 45476
C_PING 45493
S_GROUP_DUEL_RECORD 45523
S_GUILD_MONEY_INFO_CHANGED 45579
C_UPDATE_AFK_STATUS 45582
C_START_DECOMPOSE 45600
S_PLAYER_CHANGE_FLIGHT_ENERGY 45601
S_FAIL_CHARM_STATUS 45665
S_LOGIN_ARBITER 45694
C_CAN_CREATE_USER 45735
S_REMOVE_EFFECT 45744
S_SET_POS 45785
C_STYLE_SHOP_BUY_REPUTATION_ITEM 45800
C_REQUEST_INVITE_GUILD_LIST 45866
C_ENCHANT_BOOSTER_DROP_ITEM 45886
S_GET_USER_GUILD_LOGO 45901
S_TELEPORT_TO_CAMP 45925
S_NAME_PREEMPTION_EVENT_INFO 45958
S_CHANGE_VOICE_USE_QAC 46033
S_PETITION_FORCE_CREATE 46036
S_GMEVENT_OX_RESURRECT_RESULT 46039
C_MOVE_WARE_POS 46089
S_GMEVENT_CONFIRM_LEAVE_EVENT 46096
S_POINT_STORE_BASKET 46105
C_DUNGEON_RANK_SEASON_LIST 46156
C_BUY_VILLAGER_BUFF 46229
S_SHOW_DEAD_CITY_WAR_UI 46244
S_PET_INCUBATOR_INFO_CHANGE 46278
S_REQUEST_DEMOLIST_GUILD_TOWER_POPUP 46303
S_PETITION_CANCEL 46321
S_SEND_USER_PLAY_TIME 46366
S_START_FIX_VEHICLE 46383
S_LORD_ACHIEVEMENT_ACCOMPLISHED_LIST 46416
C_PETITION_CREATE 46477
C_CHECK_EXTRACT 46488
S_COMBATLOG_USER_INFO 46518
S_GUILD_NAME 46536
S_NOTIFY_GUILD_WAR_INFO 46566
S_ADMIN_GET_USERINFO_INVEN 46570
C_REQUEST_RIGHT_ITEM_LIST 46578
S_SPAWN_SERVANT 46589
S_BATTLE_FIELD_POINT_STORE_BASKET 46598
S_EMITTER 46613
S_BATTLE_FIELD_STRONGHOLD_NONE_STATE 46619
S_MOUNT_VEHICLE 46620
S_FIELD_EVENT_RANK_LIST 46640
S_CONNECT_SKILL_ARROW 46643
C_PETITION_CHECK_SURVEYABLE 46669
S_USER_PAPERDOLL_INFO 46695
S_RETURN_USER_REWARD_END 46703
C_REQUEST_START_GUILD_QUEST 46714
C_VOTE_DISMISS_PARTY 46734
C_REQUEST_REPUTATION_STORE_TELEPORT 46769
S_INSTANT_CATCH 46777
S_BANISH_GUILD_MEMBER 46798
S_SEND_CHANGE_REPUTATION_EXP 46839
C_GAMBLE_CANCEL 46855
S_PK_TAG 46858
C_BATTLE_FIELD_HELP 46865
S_GAMBLE_END 46866
S_REGISTER_EVOLUTION_ITEM 46876
S_DUNGEON_WORK_RESULT 46898
S_ADMIN_GET_DUNGEON_USER_LIST 47069
S_FIELD_EVENT_ON_ENTER 47100
C_MEET_BOSS_INFO 47153
S_OPEN_CHANGE_CHARACTER_NAME_POPUP 47185
S_STICK_TO_USER_END 47205
S_USER_FLYING_LOCATION 47220
S_BREAK_SHIELD_END 47223
C_TRADE_BROKER_UNREGISTER_ITEM 47227
C_SPAWN_BUILD_OBJECT 47229
C_VIEW_PARTY_INVITE 47279
S_FRIEND_GROUP_LIST 47291
C_REQUEST_ACHIEVEMENT_LIST 47294
S_VIEW_BATTLE_FIELD_RESULT 47307
C_INVALID_BUILD_VERSION 47312
S_ENCHANT_BOOSTER_REGISTER_ITEM 47339
S_RESULT_GUILD_INCENTIVE 47343
S_OPEN_GUARD_INFO_WINDOW 47403
S_COMPLETE_CHRONOSCROLL_USE 47424
S_CLEAR_WORLD_QUEST_VILLAGER_INFO 47426
S_DELETE_FRIEND 47427
S_MUTE 47454
S_SPAWN_PET 47466
S_ASK_TELEPORT 47469
C_PROMOTION_RESET 47474
S_DEBUG_REMOTE_PROJECTILE_POS 47483
C_GET_ATTENDANCE_REWARD 47503
S_CHAT_REPORT 47507
S_OPEN_VM_SELLBUY_WINDOW 47526
S_ROUND_PVE_BATTLE_FIELD_RESULT 47582
S_BIND_ITEM_BEGIN 47596
C_ITEM_COLORING_ADD_ITEM 47648
C_REQUEST_PARTY_MATCH_INFO 47675
C_REQUEST_GUILD_INFO_BEFORE_APPLY_GUILD 47706
S_REPLY_GUILD_LIST 47741
S_VIRTUAL_LATENCY 47743
S_LEARN_EP_PERK 47758
C_ADD_CRYSTAL_COMBINE_MATERIAL 47782
C_REQUEST_OPEN_DUAL_OPTION 47790
S_PK_END 47795
S_ADD_FRIEND 47806
S_BROCAST_GUILD_FLAG 47812
S_SEND_ROUND_PVE_SKILL_LIST 47815
S_DECOMPOSE_REGISTERED_ITEM 47818
S_CREST_MESSAGE 47839
S_ITEM_DECOMPOSE 47844
S_AWAKEN_RESULT 47905
C_CHANGE_EQUIP_PRESET 47940
S_NPCGUILD_LIST 47967
C_CREST_APPLY 48026
C_CANCEL_DUNGEON_RETRY 48039
S_RESET_EP_PERK 48054
C_START_COMBO_INSTANT_SKILL 48069
S_LEAVE_PRIVATE_CHANNEL 48088
C_TRADE_BROKER_DEAL_CONFIRM 48097
S_UPDATE_VM_SELLBUY_WINDOW 48105
S_GMEVENT_GUIDE_MESSAGE 48111
C_PLAYER_FLYING_LOCATION 48117
C_AWESOMIUM_WEB_COUNTING 48137
S_ARENA_OPTIMIZATION 48155
C_CANCEL_CHANGE_USER_APPEARANCE 48158
M_PONG 48160
S_VILLAGE_LIST_TO_TELEPORT 48164
C_RETURN_PARCEL 48172
C_RECOMMEND_GUILD 48180
S_PARCEL_READ_RECV_STATUS 48258
C_ROLLBACK_QUEST 48292
S_EVENT_GUIDE 48300
S_VISITED_SECTION_LIST 48306
S_NPC_LOCATION 48357
C_FIELD_EVENT_BAN 48358
C_ADMIN_LOBBY 48370
C_MAIN_MENU_COMMAND_EXEC 48395
S_DEAD_LOCATION 48396
S_SKILL_CATEGORY 48419
C_EXECUTE_TEMPER 48474
S_FIN_STRONGHOLD_OCCUPATION_BATTLE_FIELD 48517
S_GUILD_QUEST_LIST 48532
S_DUNGEON_CLEAR 48538
C_SWAP_PARTY 48577
S_ADD_TO_TEMPER_MATERIAL_EX 48586
C_GUILD_STORE_COMMIT 48610
C_CONFIRM_INVITE_CODE 48616
S_PLAYER_CHANGE_DRAIN 48648
S_GUILD_LOG 48651
S_PETITION_CHAT_END 48716
S_EQUIP_ITEM 48736
C_ACCEPT_GUILD_APPLY 48746
C_REQUEST_CHANGE_DUAL_OPTION_IDX 48756
S_GET_EVENT_DETAIL 48813
S_SKILL_FORGET 48867
S_ENABLE_DISABLE_SELLABLE_ITEM_LIST 48917
S_ACTION_END 48936
C_ITEMSYNTHESIZER_REQUEST_CANCEL 48938
S_ROUND_PVE_SCORE 48980
C_TRADE_BAG_DONE 49001
S_GMEVENT_OX_QUIZ_RESULT 49006
S_FIELD_EVENT_PROGRESS_TIMER 49040
S_LORD_RANK_INFO 49064
S_SHOW_TRADE_ITEM 49085
S_CREATE_USER 49099
S_ACCEPT_CONTRACT 49100
C_INVITE_FRIEND_CODE 49125
C_DUNGEON_WORK_LEAVE 49170
S_REMOVE_EVENT_MATCHING_QUEST 49196
S_PREPARE_INGAME_CHANGE_USER_APPEARANCE 49202
C_NOTIFY_LOCATION_IN_DASH 49203
S_LORD_REGISTER_INFO 49215
S_STRONGHOLD_OCCUPATION_BATTLE_FIELD_BOARD 49221
S_ADMIN_GM_SKILL 49236
S_NPC_MENU_SELECT 49237
S_CREATURE_LIFE 49252
S_SPAWN_DOOR 49260
C_CHECK_TO_RAISE_GUILD_WAR 49269
S_DUNGEON_CHANGE_NPC_CYLINDER 49289
S_UPDATE_EVENT_MATCHING_BONUS_INFO 49337
S_CUSTOMIZING_PARTS_SHAPE_ITEM_LIST 49362
S_PREMIUM_SLOT_OFF 49418
C_ADD_MATERIAL_AWAKEN 49436
C_UPDATE_MY_DESCRIPTION 49447
S_USE_COUPON 49468
C_CAST_FISHING_ROD 49503
S_SHORTCUT_CHANGE 49509
S_INVEN 49527
S_CONFIRM_INVITE_CODE 49538
S_ANNOUNCE_UPDATE_NOTIFICATION 49539
C_REQUEST_GUILD_WANTED_WRITING_LIST_PAGE 49609
C_CHECK_NEW_GUILDNAME 49637
S_GUILD_POINT_INFO_CHANGED 49650
S_REQUEST_SECOND_PASSWORD_REGISTER 49659
C_REQUEST_INGAMESTORE_PRODUCT_LIST 49662
S_PARTY_MARKER 49677
C_START_REPAIR_ITEM 49724
S_CREATE_CHARACTER_RESTRICTION 49731
C_POINT_STORE_BUY_ADD_BASKET 49734
S_ADMIN_PRIVILEGE 49753
S_STYLE_SHOP_BUY_TCAT_ITEM 49777
S_UPDATE_STACK_ATTENDANCE_EVENT_INFO 49819
S_DUNGEON_STATUS 49824
S_PLAY_EFFECT 49832
S_VEHICLE_EX_ARROW 49834
S_USER_BLOCK_LIST 49838
S_DUNGEON_UI_HIGHLIGHT 49858
C_REPLY_TELEPORT_WALK_THROUGH 49868
C_CANCEL_SELECT_CHANNEL 49904
S_SET_FLY_MOVE_INFO 50022
S_BROADCAST_CLIMBING 50024
S_SET_RECIPE_BOOKMARK 50027
S_FIX_SPIRIT_COMPLETE 50029
C_NPC_CONTACT 50050
C_REQUEST_GUILD_WAR_TRACKING_INFO 50078
S_OPEN_GUILD_WAR_WINDOW 50090
C_SAVE_CLIENT_USER_SETTING 50095
C_RQ_UPDATE_ITEM_TO_DECOMPOSITION_CONTRACT 50120
S_BUY_VIP_STORE_ITEM_SUCCESS 50127
S_PROMOTION_SUCCESS 50159
S_GET_AOI_INFO 50203
C_CHANGE_CHANNEL_PASSWORD 50207
C_RESET_EP_PERK 50212
C_CANCEL_REVIVE 50266
S_RESULT_CHANGE_DUAL_OPTION_IDX 50286
S_CHANGE_USER_NAME_RESULT 50332
C_ROUND_PVE_SKILL_SELECT 50341
S_CONTENTS_TIMER 50369
C_PREMIUM_COMPOSE_TRY 50370
C_REQUEST_RENEW_ALL_PARTS_ITEM 50371
C_VEHICLEEX_LOCATION 50372
C_COLLECTION_PICKEND 50405
S_DARK_RIFT_DEFENCE_OBJECT_INIT 50466
S_TASK_INFO_GUARD 50470
C_REQUEST_PARTY_MATCH_LINK 50565
C_SELECT_USER 50577
C_NOTIFY_LOCATION_IN_ACTION 50589
C_DELETE_PARCEL 50624
S_BATTLE_FIELD_STRONGHOLD_STATE 50655
S_PLAY_MOVIE 50672
S_RECV_PARCEL 50738
S_TRADE_BROKER_SUGGEST_DEAL 50739
S_SYSTEM_MESSAGE_CUSTOM 50742
S_ADD_TRADE_BAG 50799
C_ENTER_TELEPORTTERRITORY 50811
C_EDIT_FRIEND_GROUP 50815
S_START_VM_BUY 50829
S_ATTENDANCE_CHECK 50830
S_LIST_PARCEL_EX 50893
C_UPDATE_CONTENTS_PLAYTIME 50939
C_BOARD_ITEM_LIST 50947
C_REPLY_THROUGH_ARBITER_CONTRACT 50953
S_PK_START 50959
S_GMEVENT_OX_REPE_QUIZ_OPEN 50984
S_SUGGEST_DARK_RIFT_PARTY_MATCHING 50997
C_USE_RIGHT_ITEM 50998
C_START_FIX_SPIRIT 51068
S_GROUP_DUEL_FIN 51070
S_ADMIN_GET_USERINFO_SKILL 51121
S_SET_ITEM_BIDDING_FLAG 51122
S_DUNGEON_WORK_ENTER 51124
C_REQUEST_LATEST_UPDATE_NOTIFICATION 51159
S_DUNGEON_RECORD_INFO 51176
S_DUNGEON_RANK_RECORDER 51213
C_STOP_FISHING 51228
S_START_COOLTIME_SKILL 51278
S_INGAME_CHANGE_USER_APPEARANCE_CANCEL 51281
S_DUNGEON_RANK_END_TIME 51282
C_MEDAL_STORE_COMMIT 51297
C_CHANGE_PARTY_MEMBER_AUTHORITY 51307
S_SKILL_LEARN_LIST 51319
S_CANCEL_PARTY_MEMBER_BAN 51323
C_REQUEST_ENTER_VIP_DUNGEON 51338
C_DELETE_FRIEND 51344
C_GET_EVENT_SYSTEM_REWARD 51346
S_SET_ITEM_STRING 51351
S_WEAK_POINT 51412
S_ENTER_CITY_WAR 51435
S_PETITION_CHAT_BEGIN 51449
S_CHANGE_DESTPOS_PROJECTILE 51514
S_START_ROUND_PVE_ROUND 51559
S_SOCIAL_LEARN_RESULT 51562
C_STOP_VM 51572
S_PET_INFO_CLEAR 51621
C_BIND_ITEM_CANCEL 51634
C_LORD_ACHIEVEMENT_ACCOMPLISHED_LIST 51674
S_DESPAWN_USER 51709
S_REJECT_CONTRACT 51757
S_REQUEST_RENEW_ALL_PARTS_ITEM 51783
S_START_COOLTIME_ITEM 51791
C_UPDATE_FRIEND_INFO 51845
S_CHANGE_CITY_WAR_STATE 51853
C_START_CUSTOMIZING_PARTS_SHAPE 51917
S_REMAIN_PLAY_TIME 51968
C_COMMIT_VM_TRADE 51999
S_ITEM_TRANSFORM_DATA 52005
C_REQUEST_ITEM_COLORING_VALUE 52012
C_REQUEST_PVE_RANKING 52027
S_PRECONFIRM_INVITE_CODE 52031
S_SUCCESS_STYLE_SHOP_BUY_REPUTATION_ITEM 52069
S_SHOW_CHANGE_CHARACTER_UI 52072
S_BATTLE_FIELD_USER_OCCUPIABLE_LEAVE 52110
C_TRY_NPC_INTERACTION 52112
S_DUNGEON_SUMMON_PARTY 52119
C_ITEMSYNTHESIZER_REQUEST_START 52152
S_SHOW_DUNGEON_RETRY_UI 52161
S_PREMIUM_COMPOSE_RESULT 52197
S_DUNGEON_CLEAR_COUNT_LIST 52219
S_REQUEST_GUILD_INFO_BEFORE_APPLY_GUILD 52222
C_MERGE_ITEM_EXECUTE 52225
S_SHOW_AWESOMIUMWEB_SHOP 52234
S_PARTY_MEMBER_ABNORMAL_REFRESH 52235
C_PUT_WARE_ITEM 52280
S_TRADE_BROKER_HIGHEST_ITEM_LEVEL 52317
S_CHECK_TO_RAISE_GUILD_WAR 52318
S_UNMOUNT_VEHICLE_EX 52327
C_VEHICLE_EX_ARROW_HIT 52342
C_LEAVE_GROUP_DUEL 52346
S_PROMOTION_INFO 52347
C_SEND_UI_LOG 52386
C_REQUEST_CHANGE_CHARACTER_NAME 52433
C_DELIVERY_STORE_ADD_BASKET 52456
S_REQUEST_INGAMESTORE_PRODUCT_DETAIL 52458
S_SHOW_PARCEL_MESSAGE 52470
C_LOAD_EP_INFO 52491
S_FIN_KUMAS_BOSS_BATTLE_FIELD 52515
C_CLEAR_SEND_PARCEL 52559
C_CHANGE_GUILD_CHIEF 52579
S_UPDATE_GAMBLE_BOX_STATE 52582
S_NPC_SITUATION 52616
S_PARTY_MEMBER_ABNORMAL_ADD 52625
S_REMOVE_BLOCKED_USER 52626
S_DUNGEON_WORK_UPDATE_MEDAL_COUNT 52629
S_DELETE_GUILD_TOWER_MY_GUILD 52661
S_SHOW_CREST_LEARN 52699
S_UPDATE_STACK_ATTENDANCE_EVENT_RESET_TIME 52711
S_SPAWN_REMOTE_PROJECTILE 52714
S_POSITION_SWAP 52720
C_REQUEST_DEMOLIST_GUILD_TOWER_POPUP 52730
C_TRY_TELEPORT_FIELD_EVENT 52763
S_SPAWN_NPC 52787
S_BAN_PARTY_MEMBER 52802
S_PREPARE_SELECT_CHANNEL 52809
S_LOAD_DUNGEON_SOUND_HINT 52823
S_LOADING_SCREEN_CONTROL_INFO 52827
C_STORE_BUY_ADD_BASKET 52864
C_UPDATE_GUILD_LOGO 52913
C_ENCHANT_BOOSTER_REGISTER_ITEM 52946
S_PARTY_NOTIFY_MY_POSITION 52957
S_GATE_ATTACK_ALARM 53014
S_NOTIFY_GUILD_WAR_STATUS_CHANGE 53067
S_NPC_TRANSLATIONZ 53142
S_DESPAWN_EVENT_SEED 53151
S_CONTROL_DOOR 53181
C_TELEPORT_TO_CAMP 53195
S_PETITION_INFO 53231
C_PET_INCUBATOR_START 53234
S_PLAYER_CHANGE_NOCTAN_COUNT 53310
S_INSTANT_THROW 53312
S_START_GUILD_WAR 53377
S_PLAYER_AUTOPILOT 53526
S_PLAY_SOUND 53531
S_SHOW_GUILD_QUEST_LIST 53600
S_DESPAWN_SERVANT 53605
S_LOAD_CHAT_SETTING 53647
S_SOCIAL_FORGET 53648
S_DELIVERY_STORE_ITEM 53655
C_LEARN_EP_PERK 53731
S_PARTY_MEMBER_CHANGE_STAMINA 53747
C_ADMIN_GM_MAPTELEPORT 53776
S_UPDATE_PARTY_MEMBER_QUEST_DATA 53812
S_RESULT_REPAIR_ITEM 53813
C_REQUEST_GUILD_LEVEL_RANKING 53862
S_TARGET_INFO 53877
S_REQUEST_UPDATE_CUSTOM_USER_CUSTOMIZING 53900
S_GUILD_LEVEL_INFO_CHANGED 53956
S_GROUP_DUEL_CURRENT_BETTING_ITEM 54009
C_START_GUILD_SKILL 54037
C_SHOW_AWESOMIUMWEB_SHOP 54063
S_FONT_SWAP_INFO 54090
C_CHANGE_MY_PROFILE 54094
C_UNREGISTER_PARTY_INFO 54106
S_TRADE_BROKER_SOLD_ITEM_LIST 54112
S_TOKEN_POINT_STATUS 54167
C_ADMIN_GMEVENT_OX_QUIZ_NEXT_REPE_QUIZ 54171
S_CHANGE_GUILD_CHIEF 54197
S_CLOSE_VM_SETTING_WINDOW 54227
S_GUILD_HISTORY 54235
S_SHOW_PARCEL 54274
C_TRADE_BROKER_HISTORY_ITEM_LIST_NEW 54278
C_REQUEST_VIP_STORE_ITEM_LIST 54303
S_REGISTER_ENCHANT_ITEM 54324
S_CAN_CREATE_USER 54338
C_INVENTORY_AUTO_SORT 54389
S_VIEW_INTER_PARTY_MATCH_BATTLEFIELD_LIST 54422
S_TOGGLE_TASK_INFO_WINDOW 54429
C_RECV_PARCEL 54437
C_ADMIN_REQUEST_CUSTOM_BOOKMARK 54439
S_PARTY_LOOTING_METHOD_VOTE 54468
S_DELETE_ALL_PRODUCT 54493
S_DIALOG 54508
S_CANCEL_QUEST_SHARE 54518
C_TRADE_BROKER_WAITING_ITEM_LIST_PAGE 54541
S_MY_PARTY_MATCH_INFO 54542
S_GET_OUT_SHUTTLE 54599
C_REQUEST_COUPON_DATA 54610
S_REWARDNPC_SPAWN_ALARM 54669
S_MATERIAL_CHANGE 54704
S_FISHING_BITE 54729
S_BYE_PET 54730
S_VOID_GUARD_INFO 54744
S_DELETE_PARCEL 54750
C_EVENT_GUIDE 54770
C_LEAVE_PARTY 54813
S_REQUEST_CONTRACT 54817
S_SOCIAL 54831
S_CANNON_BATTLE_FIELD_BOARD 54845
C_REQUEST_CITY_WAR_MAP_INFO 54861
S_FESTIVAL_LIST 54907
C_BATTLE_FIELD_BOARD_REQUEST 54922
C_REIGN_INFO 54948
C_GMEVENT_ENTER_EVENT 54984
S_UPDATE_NPCGUILD 54998
S_SKILL_ATTENTION_TARGET 55000
C_CANCEL_FIX_VEHICLE 55023
C_PET_ORB_DELETE 55034
S_CANCEL_PARTY_MATCH_POOL 55062
S_MINIGAME_RANK_END_POINT 55106
C_LORD_CHANGE_POLICY 55116
C_LOGIN_ARBITER 55144
S_ONGOING_LEVEL_EVENT_LIST 55200
S_GMEVENT_OFF_GUIDE_MESSAGE 55202
S_DUNGEON_LOOK_AT_NPC 55220
C_JOIN_PRIVATE_CHANNEL 55228
S_PREMIUM_COMPOSE_START 55252
C_TOGGLE_GROUP_DUEL_SLOT 55313
C_PREMIUM_SLOT_USE_SLOT 55321
C_PARTY_NOTIFY_MY_POSITION 55329
S_HIDE_HP 55332
C_REQUEST_PING 55371
S_RETURN_PARCEL 55372
C_EDIT_BLOCKED_USER_MEMO 55404
S_GUARDTOWER_ATTACK_ALARM 55442
S_LORD_CANDIDATE_PLEDGE 55459
C_PETITION_FEEDBACK 55486
S_SCENARIO_DUNGEON_UI 55501
S_DEFAULT_ANIM_CHANGE 55510
C_GROUP_DUEL_RECORD 55539
C_ADMIN_GET_USER_INFO_BY_DBID 55540
S_LEAVE_PARTY 55557
S_SERVANT_ABILITY 55598
C_FACIAL_ATTACHMENT 55600
S_ASK_CODE_HASH 55617
C_TRADE_BROKER_REGISTERED_ITEM_LIST 55625
S_EQUIP_ITEM_SET 55663
C_REJECT_INVITE_USER_TO_GUILD 55665
S_PARTY_INFO 55729
S_ADMIN_VIP_TEST 55746
C_GROUP_DUEL_DEL_BETTING_ITEM 55779
S_INVITE_COMPENSATION_GUIDE 55780
S_DUNGEON_CAMERA_SET 55802
C_MEDAL_STORE_BUY_ADD_BASKET 55807
C_REQUEST_RESET_VIP_STORE 55845
S_BONFIRE_CHARM_BURNED 55865
S_VM_BUY_BASKET_INFO 55869
S_NOTIFY_BATTLE_FIELD_NPC_DESPAWN 55880
C_ADD_TRADE_BAG 55916
S_ARENA_FIGHTER_CHANGE_HP 55940
C_ADMIN_REMOVE_CUSTOM_BOOKMARK 55988
S_PETITION_CHAT_GM_MESSAGE 56047
S_PRIVATE_CHAT 56119
S_CANCEL_SELECT_CHANNEL 56132
C_START_PRODUCE 56202
S_MINIGAME_START 56223
C_ADMIN_GMEVENT_OX_QUIZ_NEXT_QUIZ 56244
S_BATTLE_FIELD_NPC_KILL_EVENT 56245
S_PREMIUM_COMPOSE_ADD_ITEM 56258
S_DARK_RIFT_QUEST_INFO 56259
S_SHOW_TRADE_LOG 56276
S_MATERIAL_PARAM_CHANGE 56316
S_START_CHAT_BAN_INFINITY 56317
S_BIND_ITEM_END 56357
C_REGISTER_ENCHANT_ITEM 56384
S_INVALID_BUILD_VERSION 56402
C_REQUEST_BUY_VIP_STORE_ITEM 56403
S_CHANGE_FREE_FIGHT_BATTLE_FIELD_RANKING 56435
S_TRADE_BOX 56467
C_REQUEST_RENAME_GUILD 56470
S_ADD_GUILD_MEMBER 56521
S_LOAD_ACHIEVEMENT_LIST 56535
S_ACTION_STAGE 56561
S_BATTLE_FIELD_TEAM_MEMBERS_POS_INFO 56573
C_STORE_COMMIT 56580
S_FLOATING_CASTLE_PARTS_STORE_BASKET 56583
S_ARENA_FIGHT_ABNORMALITY_REFRESH 56592
C_ADMIN_GMEVENT_STATUS 56648
C_TRADE_BROKER_CLOSE 56671
S_ENCHANT_SCROLL_RESULT 56695
S_SYS_PARTY_INFO 56718
C_GACHA_CANCEL 56760
S_DARK_RIFT_SYNC_TIME 56763
S_USER_LEVELUP 56784
S_ATTENDANCE_EVENT_REWARD_COUNT 56785
S_SPAWN_BONFIRE 56810
S_PURCHASE_PROD 56813
C_CHANGE_PARTY_MANAGER 56851
C_SHOW_INVEN 56896
S_OPEN_RENAME_GUILD_POPUP 56904
C_REQUEST_MENTO_REWARD 56906
S_USER_EXTERNAL_CHANGE 56915
S_CANCEL_PREPARE_CHANGE_USER_APPEARANCE 56921
S_UPDATE_GUILD_TOWER_INFO 56924
S_INIT_FREE_FIGHT_BATTLE_FIELD 56931
C_BATTLE_FIELD_START_OCCUPATION 56952
S_PVE_RANKING_LIST 56976
C_ADMIN_ADD_CUSTOM_BOOKMARK 57037
S_START_CHAT_BAN 57068
S_PARTY_MEMBER_BUFF_UPDATE 57090
S_ARTISAN_SKILL_LIST 57149
S_TEMPER_MATERIALS 57172
C_TRADE_BROKER_CALC_SOLD_ITEM 57190
C_ADMIN_GET_DUNGEON_USER_LIST 57193
S_FIELD_EVENT_GUIDE 57219
C_REQUEST_QUEST_BACKUP_ITEM 57244
S_CLEAR_ALL_HOLDED_ABNORMALITY 57376
C_UNREGISTER_REPAIR_ITEM 57387
S_REQUEST_WRITE_BOARD_RESULT 57401
C_SHOW_ITEM_TOOLTIP_EX 57408
S_CHECK_TO_OPPOSITE_DECLARE_GUILD_WAR 57420
S_TRADE_BROKER_DEAL_SUGGESTED 57432
C_DUNGEON_COOL_TIME_LIST 57482
S_SET_VISIBLE 57528
S_ADD_BLOCKED_USER 57531
S_REIGN_INFO 57541
C_CREATE_PRIVATE_CHANNEL 57544
C_CHANGE_MY_STATE 57564
C_UPDATE_SKILL_SCRIPT 57609
S_RESULT_OPEN_DUAL_OPTION 57615
S_ONGOING_FIELD_EVENT_LIST 57617
C_SET_VISIBLE_RANGE 57638
C_FLOATING_CASTLE_PARTS_STORE_BUY_DEL_BASKET 57651
S_DUNGEON_WORK_POINT_STORE_SELL_LIST 57662
S_EMITTER_SET_Z 57675
C_REJECT_CONTRACT 57693
S_SPAWN_WORKOBJECT 57763
S_GRANT_SKILL 57765
S_DEBUG_POS 57801
S_ENCHANT_BOOSTER_STATUS 57924
S_SHOW_ITEM_TOOLTIP 58008
S_ABNORMALITY_RESIST 58020
C_EXTRACT_REGISTER_ITEM 58031
S_LOAD_EP_INFO 58096
C_CANCEL_PENDING 58111
S_SET_SEND_PARCEL_ITEM 58131
S_VERSION_INFO 58169
S_USE_CHRONOSCROLL_RESULT 58199
S_INITIALIZE_AWESOMIUM 58248
S_ITEM_RESET_RESULT 58269
S_CANNON_BATTLE_FIELD_GUARDTOWER_STATUS 58283
S_CREST_UPGRADE_INFO 58319
S_BATTLE_FIELD_PARTY_MARKER_CLEAR 58357
S_CHANGE_LOOKS_PREMIUM_START 58409
S_RESULT_EVENT_SEED 58433
C_ITEM_COLORING_REMOVE_ITEM 58488
C_STR_EVALUATE_LIST 58531
S_FIN_BASE_POINT_BATTLE_FIELD 58537
S_ADD_NEW_EVENT_MATCHING_QUEST 58576
S_RESULT_BATTLE_FIELD_CHAT_BAN 58591
C_CREATE_GUILDGROUP 58705
S_BATTLE_FIELD_SCORE 58724
C_CHAT 58778
S_ENEMY_BATTLE_FIELD_COMMANDER_CHANGED 58816
C_VOTE_RESET_ALL_DUNGEON 58835
S_VIEW_BATTLE_FIELD_RANKING 58862
S_GUILD_INFO 58903
S_RESULT_INGAME_CHANGE_USER_APPEARANCE 58924
C_ADMIN_SPAWN_NPC 58928
S_CHANGE_EP_POINT 58936
C_PARTY_LOOTING_METHOD_VOTE 58942
C_CHANGE_VM_MODE 58956
C_GIVE_UP_GUILD_WAR 58957
S_REQUEST_REACTION_POS_TICK 59032
S_TRADE_BROKER_WAITING_ITEM_LIST 59061
S_ACCOUNT_PACKAGE_LIST 59124
S_MINIGAME_WAIT 59135
S_TERRITORY_STEP_ENTER 59141
C_PET_EQUIP 59160
S_GUILD_WAR_PENALTY_INFO 59237
C_POLITICS_POINT_STORE_BUY_DEL_BASKET 59241
S_FEUDAL_LORD_FLAG_INFO 59255
S_FINDNAME 59283
C_STYLE_SHOP_BUY_TCAT_ITEM 59287
S_DIALOG_CLOSE 59349
C_BUY_INGAMESTORE_MONEYPRODUCT 59353
S_REPLY_RET_VILLAGE_INFO 59425
S_SEND_QUEST_ITEM_INFO 59448
S_PREPARE_DONE_WORKOBJECT 59470
C_DUNGEON_WORK_RETRY 59501
S_DIALOG_EVENT 59504
C_END_ITEM_BIDDING 59521
S_UPDATE_BIDDING_COUNT 59570
S_REMOVE_CHARM_STATUS 59572
S_DESPAWN_PET 59593
S_DUEL_END 59601
S_LOAD_TOPO 59607
S_UPDATE_GUILD_GROUP 59668
S_CAST_FISHING_ROD 59680
C_WHISPER 59728
C_CHANGE_MODE 59773
C_CREST_APPLY_LIST 59797
S_ENABLE_CHARM_STATUS 59851
C_SET_TARGET_INFO 59856
S_CANNOT_USE_CHAT_CHANNEL 59904
S_ABNORMALITY_EXTRA 59906
C_BIND_ITEM_BEGIN_PROGRESS 59958
S_END_FIX_SPIRIT 59964
S_RACE_CHANGE_RESTRICTION 60043
S_SUCCESS_COUNTER 60047
S_USE_RIGHT_ITEM 60071
S_CANCEL_DELETE_USER 60099
C_LORD_CANDIDATE_PLEDGE 60108
S_REQUEST_NAME_PREEMPTION 60174
S_ADMIN_HOLD_CHARACTER 60176
S_VILLAGER_BUFF_INFO 60201
S_DUNGEON_RANK_END_POINT 60206
C_REQUEST_GAMESTAT_PING 60237
C_SURVEY_ANSWER 60282
S_DUEL_TIME 60326
C_RENAME_TELEPORT_TO_POS_LIST 60327
S_RESULT_EVOLUTION 60334
S_CHAT 60336
C_TOGGLE_GROUP_DUEL_READY 60353
S_RESULT_USABLE_CHARACTER_NAME 60364
S_GACHA_CANCEL 60415
C_LORD_REGISTER 60444
C_START_TARGETED_SKILL 60487
S_COMPLETE_QUEST 60499
S_RESULT_ITEM_COLORING 60500
S_END_DRIVE_AIRSHIP 60517
C_DEL_ITEM 60548
S_RENAME_ITEMSTRING_START 60584
S_COMBATLOG_ADD_VALUE 60619
S_PK_DECLARE_COUNT 60625
C_REQUEST_STACK_ATTENDANCE_EVENT_REWARD 60628
S_ROUND_PVP_BATTLE_FIELD_BOARD 60642
S_IS_LORD 60673
C_REQUEST_PVP_RANKING 60676
S_FIN_FREE_FIGHT_BATTLE_FIELD 60707
S_OPEN_EPPERK_RESET_POPUP 60743
C_REQUEST_USER_ITEMLEVEL_INFO 60766
S_GUILD_STORE_BASKET 60885
S_FIELD_POINT_INFO 60894
C_WRITE_BOARD 60949
S_DARK_RIFT_MAIN_DEFENCE_CHANGE_HP 60997
S_DESPAWN_TARGET_OBJECT 61033
S_OPEN_AWESOMIUM_WEB_URL 61046
S_JOIN_PRIVATE_CHANNEL 61063
C_TELEPORT_TO_POS 61091
S_UPDATE_GUILD_FLAG 61149
S_PREVIEW_ITEM 61150
S_PREMIUM_SLOT_DATALIST 61164
S_TRADE_BROKER_BOUGHT_ITEM_LIST 61167
S_USER_STATUS 61190
S_TRADE_BROKER_INPUT_PRICE 61200
S_DESPAWN_DARK_RIFT_CLOUD 61205
S_ACTIVATE_BATTLE_FIELD_CHAT_BAN 61224
S_NOTIFY_ACTIVE_BUILD_TERRITORY_STATE 61271
C_ASK_INTERACTIVE 61284
S_DUNGEON_TIMER 61288
C_DUNGEON_RANK_RECORD_LIST 61292
S_DESTROY_GUILD_TOWER 61324
S_INGAMESHOP_CATEGORY_END 61331
S_VEHICLE_EX_RELATION 61347
C_CANCEL_LOCKON_TARGET 61362
S_GUILD_LEVEL_RANKING_LIST 61392
S_PARTY_MEMBER_INFO 61404
S_USER_SITUATION 61407
C_SET_SEND_PARCEL_ITEM 61444
S_CHANGE_CHARACTER 61456
C_PDH_QUERY 61470
S_TERRITORY_STEP_PROGRESS 61514
C_RECEIVE_PLAYTIME_EVENT_REWARD 61542
C_TRADE_BROKER_WAITING_ITEM_LIST_SORT 61587
C_PARTY_MATCH_WINDOW_CLOSED 61643
S_END_CHAT_BAN 61645
S_CREATE_PRIVATE_CHANNEL 61716
S_LOOT_DROPITEM 61719
C_GMEVENT_MOVE_TO_STADIUM 61750
S_ITEMSYNTHESIZER_MATERIAL 61751
C_SIMPLE_TIP_REPEAT_CHECK 61767
S_PARTY_LOOTING_METHOD 61780
S_DARK_RIFT_JOIN_LIST 61785
S_GMEVENT_WRITE_EVENTBOARD 61805
S_VISIT_NEW_SECTION 61831
C_LORD_VOTE_CANDIDATE_LIST 61849
C_VIEW_INTER_PARTY_MATCH_BATTLEFIELD_LIST 61874
S_CAN_LOCKON_TARGET 61885
C_ADD_INTER_PARTY_MATCH_POOL 61921
S_QUEST_INFO 61928
C_UNMOUNT_VEHICLE 61936
C_ADD_FRIEND 61942
C_CHECK_EVENT_SYSTEM_REWARD 61945
C_DUEL_CANCEL 61948
S_DELETE_NPC_FROM_MAP 61959
S_ROUND_PVE_OPEN_SKILL_UI 62023
C_ITEM_COLORING_SET_COLOR 62126
S_SECOND_PASSWORD_AUTH_RESULT 62247
S_END_STYLE_SHOP_MARK_PRODUCT 62278
S_START_PRODUCE 62290
S_NPC_PART_BREAK_ACTIVE 62321
C_REQUEST_RET_VILLAGE_INFO 62322
C_TOGGLE_TASK_INFO_WINDOW 62329
C_TRADE_BROKER_DEAL_PRICE_UPDATE 62351
C_REQUEST_USABLE_CHARACTER_NAME 62358
C_START_EXTRACT 62379
C_ADMIN 62380
C_CHANGE_CHARACTER 62397
S_GROUND_EFFECT 62405
S_SHOW_ARTISAN_MENU 62446
C_CHANGE_ITEM_COLORING_POTION 62488
S_OPEN_GUILD_FLAG_WINDOW 62490
S_HOLD_ABNORMALITY_REMOVE 62539
S_STORE_SELL_LIST 62560
C_REQUEST_SET_GUILD_WANTED_WRITING 62562
S_GROUP_DUEL_INIT 62573
S_GET_USER_LIST 62604
S_DESPAWN_COLLECTION 62610
S_SHOW_DARKRIFT_USER_HP 62664
S_INIT_KUMAS_BATTLE_FIELD 62678
S_TRADE_BROKER_DEAL_INFO_UPDATE 62702
C_REQUEST_ARENA_BETTING_INFO 62769
S_UPDATE_EVENT_SEED_STATE 62777
S_STORE_BASKET 62785
C_REQUEST_ACCESSORY_COST_INFO 62848
S_REQUEST_CITY_WAR_MAP_INFO_DETAIL 62867
S_START_GUILD_QUEST 62919
S_CHANGE_MODE 62941
S_SHOW_HP 63009
S_ADD_CHARM_STATUS 63030
C_RAISE_GUILD_WAR 63037
C_APPLY_PARTY 63077
S_VIEW_COMBINE_BATTLE_FIELD_RANKING 63088
S_FIN_CANNON_BATTLE_FIELD 63106
S_CHECK_EVENT_SYSTEM_REWARD 63107
C_ADMIN_REQUEST_DEFAULT_BOOKMARK 63132
S_KUMAS_BATTLE_FIELD_LOOT_ITEM 63141
S_UPDATE_GUILD_ANNOUNCE 63177
S_REPLY_SET_GUILD_WANTED_WRITING 63208
C_REPLY_TELEPORT_NEAR_TOWN 63218
S_SHOW_PCBANG_ICON 63225
S_CANNON_BATTLE_FIELD_STRONGHOLD_INFO 63252
S_RESULT_SEREN_GUIDE 63257
C_GET_WARE_ITEM 63258
S_USER_PVE_RANKING 63266
S_INGAMESHOP_PRODUCT_ITEMID 63344
S_SET_NEW_TERA_USER 63355
S_TEMPER_RESULT 63378
C_DEL_INTER_PARTY_MATCH_POOL 63382
S_PUT_INTO_PRISON 63418
S_INSTANT_PULL 63423
S_PLAYER_CHANGE_EP 63424
S_RESULT_BIDDING_DICE_THROW 63444
S_NOTIFY_BATTLE_FIELD_CHAT_BAN 63484
S_CREATURE_ROTATE 63548
S_ABNORMALITY_END 63557
C_PRESS_SKILL 63561
S_SHOW_DEAD_UI 63569
S_START_PEGASUS 63597
C_REQUEST_GUILD_WAR_TELEPORT 63643
S_EVENT_DIALOG 63645
C_MOVE_SLOT_IN_GROUP_DUEL 63673
S_DESPAWN_BUILD_OBJECT 63699
S_LEAVE_GUILD 63701
C_SET_SEND_PARCEL_MONEY 63715
C_CHECK_EVENT_MATCHING_LIST_CHECKBOX 63726
S_HANCOIN_AMOUNT 63758
S_EVENT_MATCHING_DUNGEON_DETAIL_INFO 63762
C_TEL_CAMP 63764
S_NOTIFY_VM_STATUS 63790
S_INIT_BASE_POINT_BATTLE_FIELD 63810
S_PLAY_TIME 63841
S_BATTLE_FIELD_ENTRANCE_INFO 63844
S_USER_ITEMLEVEL_INFO 63874
S_MOVE_SHUTTLE 63939
S_PLAYER_RESET_EP 64020
S_NOTIFY_QUEST_RESTART 64033
C_BATTLE_FIELD_CANCEL_OCCUPATION 64061
C_REQUEST_IMAGE_DATA 64085
S_ARENA_START_FIGHT 64088
S_DELIVERY_STORE_BASKET 64169
S_NEW_GOLD_RACE_INFO 64173
C_PREMIUM_COMPOSE_RESET 64206
S_EVENT_INFO 64226
S_TRANSFER_KUMAS_BATTLE_FIELD_TREASURE 64242
C_SHOW_TRADE_ITEM 64249
C_BATTLE_FIELD_MAP_ALARM 64272
C_CANCEL_TEMPER 64310
C_MERGE_ITEM 64311
S_USER_REPORT 64367
S_USER_AIM_TO 64388
S_VIEW_BATTLE_FIELD_RANKING_SERVER_LIST 64418
S_CITY_WAR_INFO_HISTROY 64425
C_START_SKILL_BY_VEHICLE_EX 64439
C_OP_COMMAND 64637
C_REGISTER_REPAIR_ITEM 64640
S_DAILY_QUEST_COMPLETE_COUNT 64657
C_RESTORE_CUSTOMIZING_PARTS_SHAPE 64661
S_SYSTEM_MESSAGE 64673
S_SEND_PARCEL_TAX 64700
C_VIEW_DUNGEONWORK_STORE 64701
C_TRADE_BROKER_SOLD_ITEM_LIST 64788
S_LORD_CANDIDATE_LIST 64817
S_PLAYTIME 64855
C_REQUEST_PERF 64888
S_PUSHED_BY_SHIELD 64903
C_REMOVE_ITEM_FROM_VM_SELL_BASKET 64922
S_START_USER_PROJECTILE 64925
C_LIST_PARCEL 64959
C_REQUEST_BATTLE_FIELD_PARTY_MARKER_CLEAR 64966
S_FACIAL_ATTACHMENT_BROADCAST 64986
S_INIT_SEREN_GUIDE 64995
S_DUNGEON_GUIDE_ON 65013
S_ITEM_UNIDENTIFY_RESULT 65032
C_TRADE_BROKER_SUGGEST_DEAL 65064
S_PROMOTION_PROCESS 65070
S_RETURN_USER 65080
C_CHECK_TO_DECLARE_GUILD_WAR 65108
C_REQUEST_GUILD_WANTED_WRITING_LIST 65117
C_REGISTER_EVOLUTION_ITEM 65140
S_DIRECTION_WEAKNESS_BEGIN 65168
S_FREENAMED_STATUS 65169
C_STORE_BUY_DEL_BASKET 65204
C_REQUEST_RECV_DAILY_TOKEN 65240
C_START_EVOLUTION 65244
S_GMEVENT_OX_QUIZ_OPEN 65303
C_REWRITE_ITEM_STRING 65306
S_DARK_RIFT_DESTORY_OBJECT 65338
S_FIN_ROUND_PVE_ROUND 65347
S_SURVEY_QUESTION 65353
S_PLAY_ANIMATION 65409
S_IMAGE_DATA 65436
C_DUNGEON_SUMMON_PARTY 65447
S_RESULT_MATERIAL_AWAKEN 65472
S_DESPAWN_WORKOBJECT 65496
S_KUMAS_BOSS_BATTLE_FIELD_BOARD 65522
